Archive member included because of file (symbol)

/home/marvin/u23/U23-Library/libs/libgaming/libgaming.a(LED.o)
                              (--whole-archive)
/home/marvin/u23/U23-Library/libs/libgaming/libgaming.a(NewlibSyscalls.o)
                              (--whole-archive)
/home/marvin/u23/U23-Library/libs/libgaming/libgaming.a(SNES.o)
                              (--whole-archive)
/home/marvin/u23/U23-Library/libs/libgaming/libgaming.a(Startup.o)
                              (--whole-archive)
/home/marvin/u23/U23-Library/libs/libgaming/libgaming.a(SystemInit.o)
                              (--whole-archive)
/home/marvin/u23/U23-Library/libs/libgaming/libgaming.a(USART.o)
                              (--whole-archive)
/home/marvin/u23/U23-Library/libs/libgaming/libgaming.a(Main.o)
                              (--whole-archive)
/home/marvin/u23/U23-Library/libs/libgaming/libgaming.a(Debug.o)
                              (--whole-archive)
/home/marvin/u23/U23-Library/libs/libgaming/libgaming.a(SysTick.o)
                              (--whole-archive)
/home/marvin/u23/U23-Library/libs/libgaming/libgaming.a(Filesystem.o)
                              (--whole-archive)
/home/marvin/u23/U23-Library/libs/libgaming/libgaming.a(DiskIO.o)
                              (--whole-archive)
/home/marvin/u23/U23-Library/libs/libgaming/libgaming.a(VGA.o)
                              (--whole-archive)
/home/marvin/u23/U23-Library/libs/libgaming/libgaming.a(Font.o)
                              (--whole-archive)
/home/marvin/u23/U23-Library/libs/libgaming/libgaming.a(Random.o)
                              (--whole-archive)
/home/marvin/u23/U23-Library/libs/libgaming/libgaming.a(Accelerometer.o)
                              (--whole-archive)
/home/marvin/u23/U23-Library/libs/libgaming/libgaming.a(Gamestate.o)
                              (--whole-archive)
/home/marvin/u23/U23-Library/libs/libgaming/libgaming.a(UserInterface.o)
                              (--whole-archive)
/home/marvin/u23/U23-Library/libs/libgaming/libgaming.a(PushButtons.o)
                              (--whole-archive)
/home/marvin/u23/U23-Library/libs/libstm32f4xx/libstm32f4xx.a(misc.o)
                              (--whole-archive)
/home/marvin/u23/U23-Library/libs/libstm32f4xx/libstm32f4xx.a(stm32f4xx_cryp_aes.o)
                              (--whole-archive)
/home/marvin/u23/U23-Library/libs/libstm32f4xx/libstm32f4xx.a(stm32f4xx_dac.o)
                              (--whole-archive)
/home/marvin/u23/U23-Library/libs/libstm32f4xx/libstm32f4xx.a(stm32f4xx_exti.o)
                              (--whole-archive)
/home/marvin/u23/U23-Library/libs/libstm32f4xx/libstm32f4xx.a(stm32f4xx_hash.o)
                              (--whole-archive)
/home/marvin/u23/U23-Library/libs/libstm32f4xx/libstm32f4xx.a(stm32f4xx_iwdg.o)
                              (--whole-archive)
/home/marvin/u23/U23-Library/libs/libstm32f4xx/libstm32f4xx.a(stm32f4xx_rtc.o)
                              (--whole-archive)
/home/marvin/u23/U23-Library/libs/libstm32f4xx/libstm32f4xx.a(stm32f4xx_tim.o)
                              (--whole-archive)
/home/marvin/u23/U23-Library/libs/libstm32f4xx/libstm32f4xx.a(stm32f4xx_adc.o)
                              (--whole-archive)
/home/marvin/u23/U23-Library/libs/libstm32f4xx/libstm32f4xx.a(stm32f4xx_cryp.o)
                              (--whole-archive)
/home/marvin/u23/U23-Library/libs/libstm32f4xx/libstm32f4xx.a(stm32f4xx_dbgmcu.o)
                              (--whole-archive)
/home/marvin/u23/U23-Library/libs/libstm32f4xx/libstm32f4xx.a(stm32f4xx_flash.o)
                              (--whole-archive)
/home/marvin/u23/U23-Library/libs/libstm32f4xx/libstm32f4xx.a(stm32f4xx_hash_md5.o)
                              (--whole-archive)
/home/marvin/u23/U23-Library/libs/libstm32f4xx/libstm32f4xx.a(stm32f4xx_pwr.o)
                              (--whole-archive)
/home/marvin/u23/U23-Library/libs/libstm32f4xx/libstm32f4xx.a(stm32f4xx_sdio.o)
                              (--whole-archive)
/home/marvin/u23/U23-Library/libs/libstm32f4xx/libstm32f4xx.a(stm32f4xx_usart.o)
                              (--whole-archive)
/home/marvin/u23/U23-Library/libs/libstm32f4xx/libstm32f4xx.a(stm32f4xx_can.o)
                              (--whole-archive)
/home/marvin/u23/U23-Library/libs/libstm32f4xx/libstm32f4xx.a(stm32f4xx_cryp_des.o)
                              (--whole-archive)
/home/marvin/u23/U23-Library/libs/libstm32f4xx/libstm32f4xx.a(stm32f4xx_dcmi.o)
                              (--whole-archive)
/home/marvin/u23/U23-Library/libs/libstm32f4xx/libstm32f4xx.a(stm32f4xx_fsmc.o)
                              (--whole-archive)
/home/marvin/u23/U23-Library/libs/libstm32f4xx/libstm32f4xx.a(stm32f4xx_hash_sha1.o)
                              (--whole-archive)
/home/marvin/u23/U23-Library/libs/libstm32f4xx/libstm32f4xx.a(stm32f4xx_rcc.o)
                              (--whole-archive)
[...]
Memory Configuration

Name             Origin             Length             Attributes
flash            0x0000000008000000 0x0000000000100000 xr
ccmram           0x0000000010000000 0x0000000000010000 xrw
sram             0x0000000020000000 0x0000000000020000 xrw
*default*        0x0000000000000000 0xffffffffffffffff

Linker script and memory map

                0x0000000010010000                _estack = 0x10010000

.text           0x0000000008000000     0x4dec
                0x0000000008000000                _text = .
                0x0000000008000000                __isr_vector_start = .
 *(.isr_vector)
 .isr_vector    0x0000000008000000      0x188 /home/marvin/u23/U23-Library/libs/libgaming/libgaming.a(Startup.o)
                0x0000000008000000                InterruptVectors
                0x0000000008000188                __isr_vector_end = .
 *(.text*)
 .text.InitializeLEDs
                0x0000000008000188       0x3c /home/marvin/u23/U23-Library/libs/libgaming/libgaming.a(LED.o)
                0x0000000008000188                InitializeLEDs
 .text._sbrk    0x00000000080001c4       0x50 /home/marvin/u23/U23-Library/libs/libgaming/libgaming.a(NewlibSyscalls.o)
                0x00000000080001c4                _sbrk
 .text._fstat   0x0000000008000214       0x18 /home/marvin/u23/U23-Library/libs/libgaming/libgaming.a(NewlibSyscalls.o)
                0x0000000008000214                _fstat
 .text._write   0x000000000800022c       0x44 /home/marvin/u23/U23-Library/libs/libgaming/libgaming.a(NewlibSyscalls.o)
                0x000000000800022c                _write
 .text._read    0x0000000008000270       0x10 /home/marvin/u23/U23-Library/libs/libgaming/libgaming.a(NewlibSyscalls.o)
                0x0000000008000270                _read
 .text._lseek   0x0000000008000280       0x10 /home/marvin/u23/U23-Library/libs/libgaming/libgaming.a(NewlibSyscalls.o)
                0x0000000008000280                _lseek
 .text._close   0x0000000008000290       0x10 /home/marvin/u23/U23-Library/libs/libgaming/libgaming.a(NewlibSyscalls.o)
                0x0000000008000290                _close
 .text._isatty_r
                0x00000000080002a0       0x10 /home/marvin/u23/U23-Library/libs/libgaming/libgaming.a(NewlibSyscalls.o)
                0x00000000080002a0                _isatty_r
 .text.InitializeSnesController
                0x00000000080002b0       0xc0 /home/marvin/u23/U23-Library/libs/libgaming/libgaming.a(SNES.o)
                0x00000000080002b0                InitializeSnesController
 .text.GetControllerState1
                0x0000000008000370        0xc /home/marvin/u23/U23-Library/libs/libgaming/libgaming.a(SNES.o)
                0x0000000008000370                GetControllerState1
 .text.HandleSnesTimerIRQ
                0x000000000800037c      0x130 /home/marvin/u23/U23-Library/libs/libgaming/libgaming.a(SNES.o)
                0x000000000800037c                HandleSnesTimerIRQ
 .text.HardFault_Handler
                0x00000000080004ac       0x1c /home/marvin/u23/U23-Library/libs/libgaming/libgaming.a(Startup.o)
                0x00000000080004ac                HardFault_Handler
 .text.Default_Handler
                0x00000000080004c8       0x1c /home/marvin/u23/U23-Library/libs/libgaming/libgaming.a(Startup.o)
                0x00000000080004c8                RTC_Alarm_IRQHandler
                0x00000000080004c8                HASH_RNG_IRQHandler
                0x00000000080004c8                EXTI2_IRQHandler
                0x00000000080004c8                TIM8_CC_IRQHandler
                0x00000000080004c8                SVCall_Handler
                0x00000000080004c8                DebugMon_Handler
                0x00000000080004c8                TIM1_CC_IRQHandler
                0x00000000080004c8                DMA2_Stream5_IRQHandler
                0x00000000080004c8                DMA1_Stream5_IRQHandler
                0x00000000080004c8                PVD_IRQHandler
                0x00000000080004c8                TAMP_STAMP_IRQHandler
                0x00000000080004c8                PendSV_Handler
                0x00000000080004c8                NMI_Handler
                0x00000000080004c8                CAN2_RX1_IRQHandler
                0x00000000080004c8                EXTI3_IRQHandler
                0x00000000080004c8                TIM8_TRG_COM_TIM14_IRQHandler
                0x00000000080004c8                TIM1_UP_TIM10_IRQHandler
                0x00000000080004c8                TIM8_UP_TIM13_IRQHandler
                0x00000000080004c8                I2C3_ER_IRQHandler
                0x00000000080004c8                EXTI0_IRQHandler
                0x00000000080004c8                I2C2_EV_IRQHandler
                0x00000000080004c8                DMA1_Stream2_IRQHandler
                0x00000000080004c8                CAN1_RX0_IRQHandler
                0x00000000080004c8                FPU_IRQHandler
                0x00000000080004c8                OTG_HS_WKUP_IRQHandler
                0x00000000080004c8                UsageFault_Handler
                0x00000000080004c8                CAN2_SCE_IRQHandler
                0x00000000080004c8                DMA2_Stream2_IRQHandler
                0x00000000080004c8                SPI1_IRQHandler
                0x00000000080004c8                TIM6_DAC_IRQHandler
                0x00000000080004c8                DCMI_IRQHandler
                0x00000000080004c8                CAN2_RX0_IRQHandler
                0x00000000080004c8                USART6_IRQHandler
                0x00000000080004c8                USART3_IRQHandler
                0x00000000080004c8                CRYP_IRQHandler
                0x00000000080004c8                CAN1_RX1_IRQHandler
                0x00000000080004c8                UART5_IRQHandler
                0x00000000080004c8                DMA2_Stream0_IRQHandler
                0x00000000080004c8                TIM4_IRQHandler
                0x00000000080004c8                I2C1_EV_IRQHandler
                0x00000000080004c8                DMA1_Stream6_IRQHandler
                0x00000000080004c8                DMA1_Stream1_IRQHandler
                0x00000000080004c8                UART4_IRQHandler
                0x00000000080004c8                TIM3_IRQHandler
                0x00000000080004c8                RCC_IRQHandler
                0x00000000080004c8                TIM8_BRK_TIM12_IRQHandler
                0x00000000080004c8                Default_Handler
                0x00000000080004c8                EXTI15_10_IRQHandler
                0x00000000080004c8                ADC_IRQHandler
                0x00000000080004c8                DMA1_Stream7_IRQHandler
                0x00000000080004c8                TIM7_IRQHandler
                0x00000000080004c8                CAN2_TX_IRQHandler
                0x00000000080004c8                TIM5_IRQHandler
                0x00000000080004c8                DMA2_Stream7_IRQHandler
                0x00000000080004c8                I2C3_EV_IRQHandler
                0x00000000080004c8                EXTI9_5_IRQHandler
                0x00000000080004c8                RTC_WKUP_IRQHandler
                0x00000000080004c8                ETH_WKUP_IRQHandler
                0x00000000080004c8                SPI2_IRQHandler
                0x00000000080004c8                OTG_HS_EP1_IN_IRQHandler
                0x00000000080004c8                MemManage_Handler
                0x00000000080004c8                DMA1_Stream0_IRQHandler
                0x00000000080004c8                CAN1_TX_IRQHandler
                0x00000000080004c8                EXTI4_IRQHandler
                0x00000000080004c8                FSMC_IRQHandler
                0x00000000080004c8                ETH_IRQHandler
                0x00000000080004c8                OTG_HS_EP1_OUT_IRQHandler
                0x00000000080004c8                WWDG_IRQHandler
                0x00000000080004c8                OTG_FS_WKUP_IRQHandler
                0x00000000080004c8                TIM1_TRG_COM_TIM11_IRQHandler
                0x00000000080004c8                OTG_HS_IRQHandler
                0x00000000080004c8                EXTI1_IRQHandler
                0x00000000080004c8                USART2_IRQHandler
                0x00000000080004c8                I2C2_ER_IRQHandler
                0x00000000080004c8                CAN1_SCE_IRQHandler
                0x00000000080004c8                FLASH_IRQHandler
                0x00000000080004c8                DMA2_Stream4_IRQHandler
                0x00000000080004c8                BusFault_Handler
                0x00000000080004c8                USART1_IRQHandler
                0x00000000080004c8                OTG_FS_IRQHandler
                0x00000000080004c8                SPI3_IRQHandler
                0x00000000080004c8                DMA1_Stream4_IRQHandler
                0x00000000080004c8                I2C1_ER_IRQHandler
                0x00000000080004c8                DMA2_Stream6_IRQHandler
                0x00000000080004c8                DMA1_Stream3_IRQHandler
 .text.Reset_Handler
                0x00000000080004e4       0x5c /home/marvin/u23/U23-Library/libs/libgaming/libgaming.a(Startup.o)
                0x00000000080004e4                Reset_Handler
 .text.SystemInit
                0x0000000008000540      0x150 /home/marvin/u23/U23-Library/libs/libgaming/libgaming.a(SystemInit.o)
                0x0000000008000540                SystemInit
 .text.MyUSART_Init
                0x0000000008000690       0xd4 /home/marvin/u23/U23-Library/libs/libgaming/libgaming.a(USART.o)
                0x0000000008000690                MyUSART_Init
 .text.USART_SendChar
                0x0000000008000764       0x24 /home/marvin/u23/U23-Library/libs/libgaming/libgaming.a(USART.o)
                0x0000000008000764                USART_SendChar
 .text.startup.main
                0x0000000008000788      0x1d8 /home/marvin/u23/U23-Library/libs/libgaming/libgaming.a(Main.o)
                0x0000000008000788                main
 .text.EnableDebugOutput
                0x0000000008000960       0x2c /home/marvin/u23/U23-Library/libs/libgaming/libgaming.a(Debug.o)
                0x0000000008000960                EnableDebugOutput
 .text.DebugPrintChar
                0x000000000800098c       0x10 /home/marvin/u23/U23-Library/libs/libgaming/libgaming.a(Debug.o)
                0x000000000800098c                DebugPrintChar
 .text.SysTick_Handler
                0x000000000800099c       0x10 /home/marvin/u23/U23-Library/libs/libgaming/libgaming.a(SysTick.o)
                0x000000000800099c                SysTick_Handler
 .text.__get_file
                0x00000000080009ac       0x34 /home/marvin/u23/U23-Library/libs/libgaming/libgaming.a(Filesystem.o)
 .text._file_close
                0x00000000080009e0       0x68 /home/marvin/u23/U23-Library/libs/libgaming/libgaming.a(Filesystem.o)
                0x00000000080009e0                _file_close
 .text._file_read
                0x0000000008000a48       0x50 /home/marvin/u23/U23-Library/libs/libgaming/libgaming.a(Filesystem.o)
                0x0000000008000a48                _file_read
 .text._file_write
                0x0000000008000a98       0x50 /home/marvin/u23/U23-Library/libs/libgaming/libgaming.a(Filesystem.o)
                0x0000000008000a98                _file_write
 .text._file_fstat
                0x0000000008000ae8       0x44 /home/marvin/u23/U23-Library/libs/libgaming/libgaming.a(Filesystem.o)
                0x0000000008000ae8                _file_fstat
 .text._file_lseek
                0x0000000008000b2c       0x7c /home/marvin/u23/U23-Library/libs/libgaming/libgaming.a(Filesystem.o)
                0x0000000008000b2c                _file_lseek
 .text._file_isatty
                0x0000000008000ba8       0x4c /home/marvin/u23/U23-Library/libs/libgaming/libgaming.a(Filesystem.o)
                0x0000000008000ba8                _file_isatty
 .text.disk_status
                0x0000000008000bf4       0x14 /home/marvin/u23/U23-Library/libs/libgaming/libgaming.a(DiskIO.o)
                0x0000000008000bf4                disk_status
 .text.disk_read
                0x0000000008000c08       0x48 /home/marvin/u23/U23-Library/libs/libgaming/libgaming.a(DiskIO.o)
                0x0000000008000c08                disk_read
 .text.disk_write
                0x0000000008000c50       0x48 /home/marvin/u23/U23-Library/libs/libgaming/libgaming.a(DiskIO.o)
                0x0000000008000c50                disk_write
 .text.disk_ioctl
                0x0000000008000c98       0x44 /home/marvin/u23/U23-Library/libs/libgaming/libgaming.a(DiskIO.o)
                0x0000000008000c98                disk_ioctl
 .text.get_fattime
                0x0000000008000cdc        0x4 /home/marvin/u23/U23-Library/libs/libgaming/libgaming.a(DiskIO.o)
                0x0000000008000cdc                get_fattime
 .text.SDIO_IRQHandler
                0x0000000008000ce0        0x4 /home/marvin/u23/U23-Library/libs/libgaming/libgaming.a(DiskIO.o)
                0x0000000008000ce0                SDIO_IRQHandler
 .text.DMA2_Stream3_IRQHandler
                0x0000000008000ce4        0x4 /home/marvin/u23/U23-Library/libs/libgaming/libgaming.a(DiskIO.o)
                0x0000000008000ce4                DMA2_Stream3_IRQHandler
 .text.InitializePixelDMA
                0x0000000008000ce8       0x4c /home/marvin/u23/U23-Library/libs/libgaming/libgaming.a(VGA.o)
 .text.HSYNCHandler200
                0x0000000008000d34      0x110 /home/marvin/u23/U23-Library/libs/libgaming/libgaming.a(VGA.o)
 .text.InitializeVGAPort
                0x0000000008000e44       0x98 /home/marvin/u23/U23-Library/libs/libgaming/libgaming.a(VGA.o)
                0x0000000008000e44                InitializeVGAPort
 .text.InitializeVGAHorizontalSync31kHz
                0x0000000008000edc       0x64 /home/marvin/u23/U23-Library/libs/libgaming/libgaming.a(VGA.o)
                0x0000000008000edc                InitializeVGAHorizontalSync31kHz
 .text.InitializeVGAScreenMode200
                0x0000000008000f40       0x6c /home/marvin/u23/U23-Library/libs/libgaming/libgaming.a(VGA.o)
                0x0000000008000f40                InitializeVGAScreenMode200
 .text.DMA2_Stream1_IRQHandler
                0x0000000008000fac       0x50 /home/marvin/u23/U23-Library/libs/libgaming/libgaming.a(VGA.o)
                0x0000000008000fac                DMA2_Stream1_IRQHandler
 .text.TIM1_BRK_TIM9_IRQHandler
                0x0000000008000ffc       0x10 /home/marvin/u23/U23-Library/libs/libgaming/libgaming.a(VGA.o)
                0x0000000008000ffc                TIM1_BRK_TIM9_IRQHandler
 .text.WaitVBL  0x000000000800100c       0x10 /home/marvin/u23/U23-Library/libs/libgaming/libgaming.a(VGA.o)
                0x000000000800100c                WaitVBL
 .text.SetFrameBuffer
                0x000000000800101c       0x18 /home/marvin/u23/U23-Library/libs/libgaming/libgaming.a(VGA.o)
                0x000000000800101c                SetFrameBuffer
 .text.InitializeRandom
                0x0000000008001034       0x24 /home/marvin/u23/U23-Library/libs/libgaming/libgaming.a(Random.o)
                0x0000000008001034                InitializeRandom
 .text.InitializeUserInterface
                0x0000000008001058       0x6c /home/marvin/u23/U23-Library/libs/libgaming/libgaming.a(UserInterface.o)
                0x0000000008001058                InitializeUserInterface
 .text.TIM2_IRQHandler
                0x00000000080010c4       0x10 /home/marvin/u23/U23-Library/libs/libgaming/libgaming.a(UserInterface.o)
                0x00000000080010c4                TIM2_IRQHandler
 .text.CurrentPushButtonState
                0x00000000080010d4       0x7c /home/marvin/u23/U23-Library/libs/libgaming/libgaming.a(PushButtons.o)
                0x00000000080010d4                CurrentPushButtonState
 .text.InitializePushButtons
                0x0000000008001150       0xb0 /home/marvin/u23/U23-Library/libs/libgaming/libgaming.a(PushButtons.o)
                0x0000000008001150                InitializePushButtons
 .text.HandlePushbuttonTimerIRQ
                0x0000000008001200       0xc0 /home/marvin/u23/U23-Library/libs/libgaming/libgaming.a(PushButtons.o)
                0x0000000008001200                HandlePushbuttonTimerIRQ
 .text.NVIC_PriorityGroupConfig
                0x00000000080012c0       0x14 /home/marvin/u23/U23-Library/libs/libstm32f4xx/libstm32f4xx.a(misc.o)
                0x00000000080012c0                NVIC_PriorityGroupConfig
 .text.NVIC_Init
                0x00000000080012d4       0x80 /home/marvin/u23/U23-Library/libs/libstm32f4xx/libstm32f4xx.a(misc.o)
                0x00000000080012d4                NVIC_Init
 .text.TIM_TimeBaseInit
                0x0000000008001354       0x98 /home/marvin/u23/U23-Library/libs/libstm32f4xx/libstm32f4xx.a(stm32f4xx_tim.o)
                0x0000000008001354                TIM_TimeBaseInit
 .text.TIM_Cmd  0x00000000080013ec       0x1c /home/marvin/u23/U23-Library/libs/libstm32f4xx/libstm32f4xx.a(stm32f4xx_tim.o)
                0x00000000080013ec                TIM_Cmd
 .text.TIM_ITConfig
                0x0000000008001408       0x14 /home/marvin/u23/U23-Library/libs/libstm32f4xx/libstm32f4xx.a(stm32f4xx_tim.o)
                0x0000000008001408                TIM_ITConfig
 .text.TIM_ClearITPendingBit
                0x000000000800141c        0x8 /home/marvin/u23/U23-Library/libs/libstm32f4xx/libstm32f4xx.a(stm32f4xx_tim.o)
                0x000000000800141c                TIM_ClearITPendingBit
 .text.SDIO_SendCommand
                0x0000000008001424       0x30 /home/marvin/u23/U23-Library/libs/libstm32f4xx/libstm32f4xx.a(stm32f4xx_sdio.o)
                0x0000000008001424                SDIO_SendCommand
 .text.SDIO_GetCommandResponse
                0x0000000008001454       0x10 /home/marvin/u23/U23-Library/libs/libstm32f4xx/libstm32f4xx.a(stm32f4xx_sdio.o)
                0x0000000008001454                SDIO_GetCommandResponse
 .text.SDIO_GetResponse
                0x0000000008001464       0x1c /home/marvin/u23/U23-Library/libs/libstm32f4xx/libstm32f4xx.a(stm32f4xx_sdio.o)
                0x0000000008001464                SDIO_GetResponse
 .text.SDIO_DataConfig
                0x0000000008001480       0x30 /home/marvin/u23/U23-Library/libs/libstm32f4xx/libstm32f4xx.a(stm32f4xx_sdio.o)
                0x0000000008001480                SDIO_DataConfig
 .text.SDIO_ReadData
                0x00000000080014b0       0x10 /home/marvin/u23/U23-Library/libs/libstm32f4xx/libstm32f4xx.a(stm32f4xx_sdio.o)
                0x00000000080014b0                SDIO_ReadData
 .text.SDIO_WriteData
                0x00000000080014c0       0x10 /home/marvin/u23/U23-Library/libs/libstm32f4xx/libstm32f4xx.a(stm32f4xx_sdio.o)
                0x00000000080014c0                SDIO_WriteData
 .text.SDIO_ITConfig
                0x00000000080014d0       0x1c /home/marvin/u23/U23-Library/libs/libstm32f4xx/libstm32f4xx.a(stm32f4xx_sdio.o)
                0x00000000080014d0                SDIO_ITConfig
 .text.SDIO_GetFlagStatus
                0x00000000080014ec       0x14 /home/marvin/u23/U23-Library/libs/libstm32f4xx/libstm32f4xx.a(stm32f4xx_sdio.o)
                0x00000000080014ec                SDIO_GetFlagStatus
 .text.SDIO_ClearFlag
                0x0000000008001500        0xc /home/marvin/u23/U23-Library/libs/libstm32f4xx/libstm32f4xx.a(stm32f4xx_sdio.o)
                0x0000000008001500                SDIO_ClearFlag
 .text.SDIO_GetITStatus
                0x000000000800150c       0x14 /home/marvin/u23/U23-Library/libs/libstm32f4xx/libstm32f4xx.a(stm32f4xx_sdio.o)
                0x000000000800150c                SDIO_GetITStatus
 .text.SDIO_ClearITPendingBit
                0x0000000008001520        0xc /home/marvin/u23/U23-Library/libs/libstm32f4xx/libstm32f4xx.a(stm32f4xx_sdio.o)
                0x0000000008001520                SDIO_ClearITPendingBit
 .text.USART_Init
                0x000000000800152c       0xd8 /home/marvin/u23/U23-Library/libs/libstm32f4xx/libstm32f4xx.a(stm32f4xx_usart.o)
                0x000000000800152c                USART_Init
 .text.USART_ClockInit
                0x0000000008001604       0x24 /home/marvin/u23/U23-Library/libs/libstm32f4xx/libstm32f4xx.a(stm32f4xx_usart.o)
                0x0000000008001604                USART_ClockInit
 .text.USART_ClockStructInit
                0x0000000008001628        0xc /home/marvin/u23/U23-Library/libs/libstm32f4xx/libstm32f4xx.a(stm32f4xx_usart.o)
                0x0000000008001628                USART_ClockStructInit
 .text.USART_Cmd
                0x0000000008001634       0x1c /home/marvin/u23/U23-Library/libs/libstm32f4xx/libstm32f4xx.a(stm32f4xx_usart.o)
                0x0000000008001634                USART_Cmd
 .text.USART_SendData
                0x0000000008001650        0x8 /home/marvin/u23/U23-Library/libs/libstm32f4xx/libstm32f4xx.a(stm32f4xx_usart.o)
                0x0000000008001650                USART_SendData
 .text.USART_GetFlagStatus
                0x0000000008001658        0xc /home/marvin/u23/U23-Library/libs/libstm32f4xx/libstm32f4xx.a(stm32f4xx_usart.o)
                0x0000000008001658                USART_GetFlagStatus
 .text.RCC_GetClocksFreq
                0x0000000008001664       0xb0 /home/marvin/u23/U23-Library/libs/libstm32f4xx/libstm32f4xx.a(stm32f4xx_rcc.o)
                0x0000000008001664                RCC_GetClocksFreq
 .text.RCC_AHB1PeriphClockCmd
                0x0000000008001714       0x1c /home/marvin/u23/U23-Library/libs/libstm32f4xx/libstm32f4xx.a(stm32f4xx_rcc.o)
                0x0000000008001714                RCC_AHB1PeriphClockCmd
 .text.RCC_AHB2PeriphClockCmd
                0x0000000008001730       0x1c /home/marvin/u23/U23-Library/libs/libstm32f4xx/libstm32f4xx.a(stm32f4xx_rcc.o)
                0x0000000008001730                RCC_AHB2PeriphClockCmd
 .text.RCC_APB1PeriphClockCmd
                0x000000000800174c       0x1c /home/marvin/u23/U23-Library/libs/libstm32f4xx/libstm32f4xx.a(stm32f4xx_rcc.o)
                0x000000000800174c                RCC_APB1PeriphClockCmd
 .text.RCC_APB2PeriphClockCmd
                0x0000000008001768       0x1c /home/marvin/u23/U23-Library/libs/libstm32f4xx/libstm32f4xx.a(stm32f4xx_rcc.o)
                0x0000000008001768                RCC_APB2PeriphClockCmd
 .text.DMA_ClearFlag
                0x0000000008001784       0x38 /home/marvin/u23/U23-Library/libs/libstm32f4xx/libstm32f4xx.a(stm32f4xx_dma.o)
                0x0000000008001784                DMA_ClearFlag
 .text.GPIO_Init
                0x00000000080017bc       0xb8 /home/marvin/u23/U23-Library/libs/libstm32f4xx/libstm32f4xx.a(stm32f4xx_gpio.o)
                0x00000000080017bc                GPIO_Init
 .text.GPIO_ReadInputDataBit
                0x0000000008001874        0xc /home/marvin/u23/U23-Library/libs/libstm32f4xx/libstm32f4xx.a(stm32f4xx_gpio.o)
                0x0000000008001874                GPIO_ReadInputDataBit
 .text.GPIO_SetBits
                0x0000000008001880        0x4 /home/marvin/u23/U23-Library/libs/libstm32f4xx/libstm32f4xx.a(stm32f4xx_gpio.o)
                0x0000000008001880                GPIO_SetBits
 .text.GPIO_ResetBits
                0x0000000008001884        0x4 /home/marvin/u23/U23-Library/libs/libstm32f4xx/libstm32f4xx.a(stm32f4xx_gpio.o)
                0x0000000008001884                GPIO_ResetBits
 .text.GPIO_PinAFConfig
                0x0000000008001888       0x30 /home/marvin/u23/U23-Library/libs/libstm32f4xx/libstm32f4xx.a(stm32f4xx_gpio.o)
                0x0000000008001888                GPIO_PinAFConfig
 .text.RNG_Cmd  0x00000000080018b8       0x1c /home/marvin/u23/U23-Library/libs/libstm32f4xx/libstm32f4xx.a(stm32f4xx_rng.o)
                0x00000000080018b8                RNG_Cmd
 .text.RNG_ITConfig
                0x00000000080018d4       0x1c /home/marvin/u23/U23-Library/libs/libstm32f4xx/libstm32f4xx.a(stm32f4xx_rng.o)
                0x00000000080018d4                RNG_ITConfig
 .text.validate
                0x00000000080018f0       0x28 /home/marvin/u23/U23-Library/libs/libfatfs/libfatfs.a(ff.o)
 .text.move_window
                0x0000000008001918       0x7c /home/marvin/u23/U23-Library/libs/libfatfs/libfatfs.a(ff.o)
 .text.sync     0x0000000008001994       0xc8 /home/marvin/u23/U23-Library/libs/libfatfs/libfatfs.a(ff.o)
 .text.get_fat  0x0000000008001a5c       0xd0 /home/marvin/u23/U23-Library/libs/libfatfs/libfatfs.a(ff.o)
                0x0000000008001a5c                get_fat
 .text.put_fat  0x0000000008001b2c      0x110 /home/marvin/u23/U23-Library/libs/libfatfs/libfatfs.a(ff.o)
                0x0000000008001b2c                put_fat
 .text.create_chain
                0x0000000008001c3c       0xb0 /home/marvin/u23/U23-Library/libs/libfatfs/libfatfs.a(ff.o)
 .text.f_read   0x0000000008001cec      0x198 /home/marvin/u23/U23-Library/libs/libfatfs/libfatfs.a(ff.o)
                0x0000000008001cec                f_read
 .text.f_write  0x0000000008001e84      0x1ec /home/marvin/u23/U23-Library/libs/libfatfs/libfatfs.a(ff.o)
                0x0000000008001e84                f_write
 .text.f_sync   0x0000000008002070       0xa8 /home/marvin/u23/U23-Library/libs/libfatfs/libfatfs.a(ff.o)
                0x0000000008002070                f_sync
 .text.f_close  0x0000000008002118       0x10 /home/marvin/u23/U23-Library/libs/libfatfs/libfatfs.a(ff.o)
                0x0000000008002118                f_close
 .text.f_lseek  0x0000000008002128      0x180 /home/marvin/u23/U23-Library/libs/libfatfs/libfatfs.a(ff.o)
                0x0000000008002128                f_lseek
 .text.CmdResp1Error
                0x00000000080022a8       0xf4 /home/marvin/u23/U23-Library/libs/libsdcard/libsdcard.a(sdcard.o)
 .text.SD_Detect
                0x000000000800239c       0x28 /home/marvin/u23/U23-Library/libs/libsdcard/libsdcard.a(sdcard.o)
                0x000000000800239c                SD_Detect
 .text.SD_GetCardInfo
                0x00000000080023c4      0x300 /home/marvin/u23/U23-Library/libs/libsdcard/libsdcard.a(sdcard.o)
                0x00000000080023c4                SD_GetCardInfo
 .text.SD_ReadBlock
                0x00000000080026c4      0x170 /home/marvin/u23/U23-Library/libs/libsdcard/libsdcard.a(sdcard.o)
                0x00000000080026c4                SD_ReadBlock
 .text.SD_WriteBlock
                0x0000000008002834      0x174 /home/marvin/u23/U23-Library/libs/libsdcard/libsdcard.a(sdcard.o)
                0x0000000008002834                SD_WriteBlock
 .text.SD_SendStatus
                0x00000000080029a8       0x4c /home/marvin/u23/U23-Library/libs/libsdcard/libsdcard.a(sdcard.o)
                0x00000000080029a8                SD_SendStatus
 .text.SD_GetState
                0x00000000080029f4       0x28 /home/marvin/u23/U23-Library/libs/libsdcard/libsdcard.a(sdcard.o)
                0x00000000080029f4                SD_GetState
 .text.SD_GetStatus
                0x0000000008002a1c       0x18 /home/marvin/u23/U23-Library/libs/libsdcard/libsdcard.a(sdcard.o)
                0x0000000008002a1c                SD_GetStatus
 .text.SD_ProcessIRQSrc
                0x0000000008002a34       0xac /home/marvin/u23/U23-Library/libs/libsdcard/libsdcard.a(sdcard.o)
                0x0000000008002a34                SD_ProcessIRQSrc
 .text.SD_ProcessDMAIRQ
                0x0000000008002ae0       0x2c /home/marvin/u23/U23-Library/libs/libsdcard/libsdcard.a(sdcard.o)
                0x0000000008002ae0                SD_ProcessDMAIRQ
 .text.InitializeBitmap
                0x0000000008002b0c        0xc /home/marvin/u23/U23-Library/libs/libgraphics/libgraphics.a(Bitmap.o)
                0x0000000008002b0c                InitializeBitmap
 .text.ClearBitmap
                0x0000000008002b18       0x14 /home/marvin/u23/U23-Library/libs/libgraphics/libgraphics.a(Bitmap.o)
                0x0000000008002b18                ClearBitmap
 .text.DrawRLEBitmapSpans
                0x0000000008002b2c       0xb8 /home/marvin/u23/U23-Library/libs/libgraphics/libgraphics.a(DrawingRLEBitmaps.o)
 .text.DrawRLEBitmap
                0x0000000008002be4      0x14c /home/marvin/u23/U23-Library/libs/libgraphics/libgraphics.a(DrawingRLEBitmaps.o)
                0x0000000008002be4                DrawRLEBitmap
 .text          0x0000000008002d30        0xc /opt/STM32/lib/gcc/arm-none-eabi/4.7.1/../../../../arm-none-eabi/lib/thumb/cortex-m4/float-abi-hard/fpuv4-sp-d16/libc.a(lib_a-errno.o)
                0x0000000008002d30                __errno
 .text          0x0000000008002d3c       0x84 /opt/STM32/lib/gcc/arm-none-eabi/4.7.1/../../../../arm-none-eabi/lib/thumb/cortex-m4/float-abi-hard/fpuv4-sp-d16/libc.a(lib_a-fwrite.o)
                0x0000000008002d3c                _fwrite_r
                0x0000000008002d9c                fwrite
 .text          0x0000000008002dc0       0x94 /opt/STM32/lib/gcc/arm-none-eabi/4.7.1/../../../../arm-none-eabi/lib/thumb/cortex-m4/float-abi-hard/fpuv4-sp-d16/libc.a(lib_a-memcpy-stub.o)
                0x0000000008002dc0                memcpy
 .text          0x0000000008002e54       0xbc /opt/STM32/lib/gcc/arm-none-eabi/4.7.1/../../../../arm-none-eabi/lib/thumb/cortex-m4/float-abi-hard/fpuv4-sp-d16/libc.a(lib_a-memmove.o)
                0x0000000008002e54                memmove
 .text          0x0000000008002f10       0x94 /opt/STM32/lib/gcc/arm-none-eabi/4.7.1/../../../../arm-none-eabi/lib/thumb/cortex-m4/float-abi-hard/fpuv4-sp-d16/libc.a(lib_a-memset.o)
                0x0000000008002f10                memset
 .text          0x0000000008002fa4      0x114 /opt/STM32/lib/gcc/arm-none-eabi/4.7.1/../../../../arm-none-eabi/lib/thumb/cortex-m4/float-abi-hard/fpuv4-sp-d16/libc.a(lib_a-setvbuf.o)
                0x0000000008002fa4                setvbuf
 .text          0x00000000080030b8       0xe0 /opt/STM32/lib/gcc/arm-none-eabi/4.7.1/../../../../arm-none-eabi/lib/thumb/cortex-m4/float-abi-hard/fpuv4-sp-d16/libc.a(lib_a-wsetup.o)
                0x00000000080030b8                __swsetup_r
 .text          0x0000000008003198      0x1ac /opt/STM32/lib/gcc/arm-none-eabi/4.7.1/../../../../arm-none-eabi/lib/thumb/cortex-m4/float-abi-hard/fpuv4-sp-d16/libc.a(lib_a-fflush.o)
                0x0000000008003198                __sflush_r
                0x00000000080032f4                _fflush_r
                0x0000000008003320                fflush
 .text          0x0000000008003344      0x1b4 /opt/STM32/lib/gcc/arm-none-eabi/4.7.1/../../../../arm-none-eabi/lib/thumb/cortex-m4/float-abi-hard/fpuv4-sp-d16/libc.a(lib_a-findfp.o)
                0x000000000800334c                _cleanup_r
                0x00000000080033a8                __sfmoreglue
                0x00000000080033d4                _cleanup
                0x00000000080033e4                __sinit
                0x0000000008003430                __sfp
                0x00000000080034b8                __sfp_lock_acquire
                0x00000000080034bc                __sfp_lock_release
                0x00000000080034c0                __sinit_lock_acquire
                0x00000000080034c4                __sinit_lock_release
                0x00000000080034c8                __fp_lock_all
                0x00000000080034e0                __fp_unlock_all
 .text          0x00000000080034f8      0x228 /opt/STM32/lib/gcc/arm-none-eabi/4.7.1/../../../../arm-none-eabi/lib/thumb/cortex-m4/float-abi-hard/fpuv4-sp-d16/libc.a(lib_a-freer.o)
                0x00000000080034f8                _malloc_trim_r
                0x0000000008003590                _free_r
 .text          0x0000000008003720      0x318 /opt/STM32/lib/gcc/arm-none-eabi/4.7.1/../../../../arm-none-eabi/lib/thumb/cortex-m4/float-abi-hard/fpuv4-sp-d16/libc.a(lib_a-fvwrite.o)
                0x0000000008003720                __sfvwrite_r
 .text          0x0000000008003a38       0x94 /opt/STM32/lib/gcc/arm-none-eabi/4.7.1/../../../../arm-none-eabi/lib/thumb/cortex-m4/float-abi-hard/fpuv4-sp-d16/libc.a(lib_a-fwalk.o)
                0x0000000008003a38                _fwalk
                0x0000000008003a80                _fwalk_reent
 .text          0x0000000008003acc       0xe8 /opt/STM32/lib/gcc/arm-none-eabi/4.7.1/../../../../arm-none-eabi/lib/thumb/cortex-m4/float-abi-hard/fpuv4-sp-d16/libc.a(lib_a-makebuf.o)
                0x0000000008003acc                __smakebuf_r
 .text          0x0000000008003bb4       0x20 /opt/STM32/lib/gcc/arm-none-eabi/4.7.1/../../../../arm-none-eabi/lib/thumb/cortex-m4/float-abi-hard/fpuv4-sp-d16/libc.a(lib_a-malloc.o)
                0x0000000008003bb4                malloc
                0x0000000008003bc4                free
 .text          0x0000000008003bd4      0x554 /opt/STM32/lib/gcc/arm-none-eabi/4.7.1/../../../../arm-none-eabi/lib/thumb/cortex-m4/float-abi-hard/fpuv4-sp-d16/libc.a(lib_a-mallocr.o)
                0x0000000008003bd4                _malloc_r
 .text          0x0000000008004128       0x94 /opt/STM32/lib/gcc/arm-none-eabi/4.7.1/../../../../arm-none-eabi/lib/thumb/cortex-m4/float-abi-hard/fpuv4-sp-d16/libc.a(lib_a-memchr-stub.o)
                0x0000000008004128                memchr
 .text          0x00000000080041bc        0x8 /opt/STM32/lib/gcc/arm-none-eabi/4.7.1/../../../../arm-none-eabi/lib/thumb/cortex-m4/float-abi-hard/fpuv4-sp-d16/libc.a(lib_a-mlock.o)
                0x00000000080041bc                __malloc_lock
                0x00000000080041c0                __malloc_unlock
 .text          0x00000000080041c4      0x3ec /opt/STM32/lib/gcc/arm-none-eabi/4.7.1/../../../../arm-none-eabi/lib/thumb/cortex-m4/float-abi-hard/fpuv4-sp-d16/libc.a(lib_a-reallocr.o)
                0x00000000080041c4                _realloc_r
 .text          0x00000000080045b0       0x24 /opt/STM32/lib/gcc/arm-none-eabi/4.7.1/../../../../arm-none-eabi/lib/thumb/cortex-m4/float-abi-hard/fpuv4-sp-d16/libc.a(lib_a-sbrkr.o)
                0x00000000080045b0                _sbrk_r
 .text          0x00000000080045d4       0x94 /opt/STM32/lib/gcc/arm-none-eabi/4.7.1/../../../../arm-none-eabi/lib/thumb/cortex-m4/float-abi-hard/fpuv4-sp-d16/libc.a(lib_a-stdio.o)
                0x00000000080045d4                __sread
                0x00000000080045f8                __seofread
                0x00000000080045fc                __swrite
                0x0000000008004640                __sseek
                0x0000000008004660                __sclose
 .text          0x0000000008004668       0x28 /opt/STM32/lib/gcc/arm-none-eabi/4.7.1/../../../../arm-none-eabi/lib/thumb/cortex-m4/float-abi-hard/fpuv4-sp-d16/libc.a(lib_a-writer.o)
                0x0000000008004668                _write_r
 .text          0x0000000008004690       0x24 /opt/STM32/lib/gcc/arm-none-eabi/4.7.1/../../../../arm-none-eabi/lib/thumb/cortex-m4/float-abi-hard/fpuv4-sp-d16/libc.a(lib_a-closer.o)
                0x0000000008004690                _close_r
 .text          0x00000000080046b4       0x98 /opt/STM32/lib/gcc/arm-none-eabi/4.7.1/../../../../arm-none-eabi/lib/thumb/cortex-m4/float-abi-hard/fpuv4-sp-d16/libc.a(lib_a-fclose.o)
                0x00000000080046b4                _fclose_r
                0x000000000800473c                fclose
 .text          0x000000000800474c       0x28 /opt/STM32/lib/gcc/arm-none-eabi/4.7.1/../../../../arm-none-eabi/lib/thumb/cortex-m4/float-abi-hard/fpuv4-sp-d16/libc.a(lib_a-fstatr.o)
                0x000000000800474c                _fstat_r
 .text          0x0000000008004774       0x28 /opt/STM32/lib/gcc/arm-none-eabi/4.7.1/../../../../arm-none-eabi/lib/thumb/cortex-m4/float-abi-hard/fpuv4-sp-d16/libc.a(lib_a-lseekr.o)
                0x0000000008004774                _lseek_r
 .text          0x000000000800479c       0x28 /opt/STM32/lib/gcc/arm-none-eabi/4.7.1/../../../../arm-none-eabi/lib/thumb/cortex-m4/float-abi-hard/fpuv4-sp-d16/libc.a(lib_a-readr.o)
                0x000000000800479c                _read_r
 .text.Init     0x00000000080047c4       0x34 /home/marvin/u23/U23-Library/firmware/spielewiese/obj/Game.o
                0x00000000080047c4                Init
 .text.OnEnter  0x00000000080047f8        0x4 /home/marvin/u23/U23-Library/firmware/spielewiese/obj/Game.o
                0x00000000080047f8                OnEnter
 .text.OnLeave  0x00000000080047fc        0x4 /home/marvin/u23/U23-Library/firmware/spielewiese/obj/Game.o
                0x00000000080047fc                OnLeave
 .text.Draw     0x0000000008004800       0x30 /home/marvin/u23/U23-Library/firmware/spielewiese/obj/Game.o
                0x0000000008004800                Draw
 .text.spider_move
                0x0000000008004830       0xc4 /home/marvin/u23/U23-Library/firmware/spielewiese/obj/Game.o
                0x0000000008004830                spider_move
 .text.Update   0x00000000080048f4       0xbc /home/marvin/u23/U23-Library/firmware/spielewiese/obj/Game.o
                0x00000000080048f4                Update
 *(.rodata*)
 .rodata.str1.4
                0x00000000080049b0       0x6b /home/marvin/u23/U23-Library/libs/libgaming/libgaming.a(NewlibSyscalls.o)
                                         0x6c (size before relaxing)
 *fill*         0x0000000008004a1b        0x1 00
 .rodata.str1.4
                0x0000000008004a1c       0x32 /home/marvin/u23/U23-Library/libs/libgaming/libgaming.a(Startup.o)
                                         0x34 (size before relaxing)
 *fill*         0x0000000008004a4e        0x2 00
 .rodata.str1.4
                0x0000000008004a50       0x5d /home/marvin/u23/U23-Library/libs/libgaming/libgaming.a(Main.o)
                                         0x60 (size before relaxing)
 *fill*         0x0000000008004aad        0x3 00
 .rodata        0x0000000008004ab0        0x4 /opt/STM32/lib/gcc/arm-none-eabi/4.7.1/../../../../arm-none-eabi/lib/thumb/cortex-m4/float-abi-hard/fpuv4-sp-d16/libc.a(lib_a-impure.o)
                0x0000000008004ab0                _global_impure_ptr
 .rodata.str1.4
                0x0000000008004ab4        0x4 /opt/STM32/lib/gcc/arm-none-eabi/4.7.1/../../../../arm-none-eabi/lib/thumb/cortex-m4/float-abi-hard/fpuv4-sp-d16/libc.a(lib_a-impure.o)
 .rodata.testbild
                0x0000000008004ab8      0x334 /home/marvin/u23/U23-Library/firmware/spielewiese/obj/testbild.o
                0x0000000008004ab8                testbild
                0x0000000008004dec                _etext = .
                0x0000000008004dec                _idata = .

.glue_7         0x0000000008004dec        0x0
 .glue_7        0x0000000000000000        0x0 linker stubs

.glue_7t        0x0000000008004dec        0x0
 .glue_7t       0x0000000000000000        0x0 linker stubs

.vfp11_veneer   0x0000000008004dec        0x0
 .vfp11_veneer  0x0000000000000000        0x0 linker stubs

.v4_bx          0x0000000008004dec        0x0
 .v4_bx         0x0000000000000000        0x0 linker stubs

.iplt           0x0000000008004dec        0x0
 .iplt          0x0000000000000000        0x0 /home/marvin/u23/U23-Library/libs/libgaming/libgaming.a(LED.o)

.rel.dyn        0x0000000008004dec        0x0
 .rel.iplt      0x0000000000000000        0x0 /home/marvin/u23/U23-Library/libs/libgaming/libgaming.a(LED.o)

.data           0x0000000010000000      0x874 load address 0x0000000008004dec
                0x0000000010000000                _data = .
 *(vtable)
 *(.data*)
 .data.APBAHBPrescTable
                0x0000000010000000       0x10 /home/marvin/u23/U23-Library/libs/libstm32f4xx/libstm32f4xx.a(stm32f4xx_rcc.o)
 .data          0x0000000010000010      0x430 /opt/STM32/lib/gcc/arm-none-eabi/4.7.1/../../../../arm-none-eabi/lib/thumb/cortex-m4/float-abi-hard/fpuv4-sp-d16/libc.a(lib_a-impure.o)
                0x0000000010000010                _impure_ptr
 .data          0x0000000010000440      0x410 /opt/STM32/lib/gcc/arm-none-eabi/4.7.1/../../../../arm-none-eabi/lib/thumb/cortex-m4/float-abi-hard/fpuv4-sp-d16/libc.a(lib_a-mallocr.o)
                0x0000000010000440                __malloc_av_
                0x0000000010000848                __malloc_sbrk_base
                0x000000001000084c                __malloc_trim_threshold
 .data.TheGame  0x0000000010000850        0x4 /home/marvin/u23/U23-Library/firmware/spielewiese/obj/Game.o
                0x0000000010000850                TheGame
 .data.__compound_literal.0
                0x0000000010000854        0x4 /home/marvin/u23/U23-Library/firmware/spielewiese/obj/Game.o
 .data.InitState
                0x0000000010000858       0x1c /home/marvin/u23/U23-Library/firmware/spielewiese/obj/Game.o
                0x0000000010000858                InitState
                0x0000000010000874                _edata = .

.igot.plt       0x0000000010000874        0x0 load address 0x0000000008005660
 .igot.plt      0x0000000000000000        0x0 /home/marvin/u23/U23-Library/libs/libgaming/libgaming.a(LED.o)

.bss            0x0000000010000878      0x860 load address 0x0000000008005668
                0x0000000010000878                _bss = .
 *(.bss*)
 .bss.heap_end.5177
                0x0000000010000878        0x4 /home/marvin/u23/U23-Library/libs/libgaming/libgaming.a(NewlibSyscalls.o)
 .bss.buttons_ctrl1
                0x000000001000087c        0x4 /home/marvin/u23/U23-Library/libs/libgaming/libgaming.a(SNES.o)
                0x000000001000087c                buttons_ctrl1
 .bss.buttons_tmp_ctrl1
                0x0000000010000880        0x2 /home/marvin/u23/U23-Library/libs/libgaming/libgaming.a(SNES.o)
                0x0000000010000880                buttons_tmp_ctrl1
 .bss.state_ctrl
                0x0000000010000882        0x1 /home/marvin/u23/U23-Library/libs/libgaming/libgaming.a(SNES.o)
                0x0000000010000882                state_ctrl
 *fill*         0x0000000010000883        0x1 00
 .bss.buttons_ctrl2
                0x0000000010000884        0x4 /home/marvin/u23/U23-Library/libs/libgaming/libgaming.a(SNES.o)
                0x0000000010000884                buttons_ctrl2
 .bss.buttons_tmp_ctrl2
                0x0000000010000888        0x2 /home/marvin/u23/U23-Library/libs/libgaming/libgaming.a(SNES.o)
                0x0000000010000888                buttons_tmp_ctrl2
 *fill*         0x000000001000088a        0x2 00
 .bss.currentTime
                0x000000001000088c        0x4 /home/marvin/u23/U23-Library/libs/libgaming/libgaming.a(Main.o)
                0x000000001000088c                currentTime
 .bss.frame     0x0000000010000890        0x4 /home/marvin/u23/U23-Library/libs/libgaming/libgaming.a(Main.o)
                0x0000000010000890                frame
 .bss.oldTime   0x0000000010000894        0x4 /home/marvin/u23/U23-Library/libs/libgaming/libgaming.a(Main.o)
                0x0000000010000894                oldTime
 .bss.DebugEnabled
                0x0000000010000898        0x4 /home/marvin/u23/U23-Library/libs/libgaming/libgaming.a(Debug.o)
                0x0000000010000898                DebugEnabled
 .bss.SysTickCounter
                0x000000001000089c        0x4 /home/marvin/u23/U23-Library/libs/libgaming/libgaming.a(SysTick.o)
                0x000000001000089c                SysTickCounter
 .bss.active_files
                0x00000000100008a0        0xc /home/marvin/u23/U23-Library/libs/libgaming/libgaming.a(Filesystem.o)
 .bss.open_files
                0x00000000100008ac      0x66c /home/marvin/u23/U23-Library/libs/libgaming/libgaming.a(Filesystem.o)
 .bss.filesystem_initialized
                0x0000000010000f18        0x4 /home/marvin/u23/U23-Library/libs/libgaming/libgaming.a(Filesystem.o)
                0x0000000010000f18                filesystem_initialized
 *fill*         0x0000000010000f1c        0x4 00
 .bss.SDCardInfo
                0x0000000010000f20       0x58 /home/marvin/u23/U23-Library/libs/libgaming/libgaming.a(DiskIO.o)
 .bss.PixelsPerRow
                0x0000000010000f78        0x4 /home/marvin/u23/U23-Library/libs/libgaming/libgaming.a(VGA.o)
 .bss.CurrentLineAddress
                0x0000000010000f7c        0x4 /home/marvin/u23/U23-Library/libs/libgaming/libgaming.a(VGA.o)
 .bss.FrameBufferAddress
                0x0000000010000f80        0x4 /home/marvin/u23/U23-Library/libs/libgaming/libgaming.a(VGA.o)
 .bss.Line      0x0000000010000f84        0x4 /home/marvin/u23/U23-Library/libs/libgaming/libgaming.a(VGA.o)
 .bss.HBlankInterruptHandler
                0x0000000010000f88        0x4 /home/marvin/u23/U23-Library/libs/libgaming/libgaming.a(VGA.o)
 .bss.HSyncHandler
                0x0000000010000f8c        0x4 /home/marvin/u23/U23-Library/libs/libgaming/libgaming.a(VGA.o)
 .bss.Frame     0x0000000010000f90        0x4 /home/marvin/u23/U23-Library/libs/libgaming/libgaming.a(VGA.o)
 .bss.RNGInitialized
                0x0000000010000f94        0x2 /home/marvin/u23/U23-Library/libs/libgaming/libgaming.a(Random.o)
 *fill*         0x0000000010000f96        0x2 00
 .bss.pushbutton_state
                0x0000000010000f98        0x4 /home/marvin/u23/U23-Library/libs/libgaming/libgaming.a(PushButtons.o)
                0x0000000010000f98                pushbutton_state
 .bss.pushbutton_state_debounce
                0x0000000010000f9c        0x4 /home/marvin/u23/U23-Library/libs/libgaming/libgaming.a(PushButtons.o)
                0x0000000010000f9c                pushbutton_state_debounce
 .bss.delayCounter.7348
                0x0000000010000fa0        0x2 /home/marvin/u23/U23-Library/libs/libgaming/libgaming.a(PushButtons.o)
 .bss.TransferError
                0x0000000010000fa2        0x1 /home/marvin/u23/U23-Library/libs/libsdcard/libsdcard.a(sdcard.o)
                0x0000000010000fa2                TransferError
 *fill*         0x0000000010000fa3        0x1 00
 .bss.CSD_Tab   0x0000000010000fa4       0x10 /home/marvin/u23/U23-Library/libs/libsdcard/libsdcard.a(sdcard.o)
 .bss.CardType  0x0000000010000fb4        0x4 /home/marvin/u23/U23-Library/libs/libsdcard/libsdcard.a(sdcard.o)
 .bss.CID_Tab   0x0000000010000fb8       0x10 /home/marvin/u23/U23-Library/libs/libsdcard/libsdcard.a(sdcard.o)
 .bss.DMAEndOfTransfer
                0x0000000010000fc8        0x4 /home/marvin/u23/U23-Library/libs/libsdcard/libsdcard.a(sdcard.o)
                0x0000000010000fc8                DMAEndOfTransfer
 .bss.RCA       0x0000000010000fcc        0x4 /home/marvin/u23/U23-Library/libs/libsdcard/libsdcard.a(sdcard.o)
 .bss.TransferEnd
                0x0000000010000fd0        0x4 /home/marvin/u23/U23-Library/libs/libsdcard/libsdcard.a(sdcard.o)
                0x0000000010000fd0                TransferEnd
 .bss.StopCondition
                0x0000000010000fd4        0x4 /home/marvin/u23/U23-Library/libs/libsdcard/libsdcard.a(sdcard.o)
                0x0000000010000fd4                StopCondition
 .bss           0x0000000010000fd8       0x34 /opt/STM32/lib/gcc/arm-none-eabi/4.7.1/../../../../arm-none-eabi/lib/thumb/cortex-m4/float-abi-hard/fpuv4-sp-d16/libc.a(lib_a-mallocr.o)
                0x0000000010000fd8                __malloc_top_pad
                0x0000000010000fdc                __malloc_current_mallinfo
                0x0000000010001004                __malloc_max_sbrked_mem
                0x0000000010001008                __malloc_max_total_mem
 *(COMMON)
 COMMON         0x000000001000100c       0x1c /home/marvin/u23/U23-Library/libs/libgaming/libgaming.a(Main.o)
                0x000000001000100c                drawingSurface
                0x0000000010001010                frame1
                0x000000001000101c                frame2
 COMMON         0x0000000010001028       0xa0 /home/marvin/u23/U23-Library/libs/libsdcard/libsdcard.a(sdcard.o)
                0x0000000010001028                SDIO_CmdInitStructure
                0x0000000010001040                SDCardInfo
                0x0000000010001098                SDIO_InitStructure
                0x00000000100010b0                SDIO_DataInitStructure
 COMMON         0x00000000100010c8        0x4 /opt/STM32/lib/gcc/arm-none-eabi/4.7.1/../../../../arm-none-eabi/lib/thumb/cortex-m4/float-abi-hard/fpuv4-sp-d16/libc.a(lib_a-reent.o)
                0x00000000100010c8                errno
 COMMON         0x00000000100010cc        0xc /home/marvin/u23/U23-Library/firmware/spielewiese/obj/Game.o
                0x00000000100010cc                button_delay
                0x00000000100010ce                spider_x
                0x00000000100010d0                state
                0x00000000100010d2                spider_y
                0x00000000100010d4                spider_delay
                0x00000000100010d6                spider_dir
                0x00000000100010d8                _ebss = .
                0x00000000100010d8                end = .
                0x0000000010001100                . = ALIGN (0x100)
                0x0000000010001100                _start_heap = .

.ARM.attributes
                0x0000000000000000       0x3b
 *(.ARM.attributes)
 .ARM.attributes
                0x0000000000000000       0x3b /home/marvin/u23/U23-Library/libs/libgaming/libgaming.a(LED.o)
 .ARM.attributes
                0x000000000000003b       0x3b /home/marvin/u23/U23-Library/libs/libgaming/libgaming.a(NewlibSyscalls.o)
 .ARM.attributes
                0x0000000000000076       0x3b /home/marvin/u23/U23-Library/libs/libgaming/libgaming.a(SNES.o)
 .ARM.attributes
                0x00000000000000b1       0x3b /home/marvin/u23/U23-Library/libs/libgaming/libgaming.a(Startup.o)
 .ARM.attributes
                0x00000000000000ec       0x3b /home/marvin/u23/U23-Library/libs/libgaming/libgaming.a(SystemInit.o)
 .ARM.attributes
                0x0000000000000127       0x3b /home/marvin/u23/U23-Library/libs/libgaming/libgaming.a(USART.o)
 .ARM.attributes
                0x0000000000000162       0x3b /home/marvin/u23/U23-Library/libs/libgaming/libgaming.a(Main.o)
 .ARM.attributes
                0x000000000000019d       0x3b /home/marvin/u23/U23-Library/libs/libgaming/libgaming.a(Debug.o)
 .ARM.attributes
                0x00000000000001d8       0x3b /home/marvin/u23/U23-Library/libs/libgaming/libgaming.a(SysTick.o)
 .ARM.attributes
                0x0000000000000213       0x3b /home/marvin/u23/U23-Library/libs/libgaming/libgaming.a(Filesystem.o)
 .ARM.attributes
                0x000000000000024e       0x3b /home/marvin/u23/U23-Library/libs/libgaming/libgaming.a(DiskIO.o)
 .ARM.attributes
                0x0000000000000289       0x3b /home/marvin/u23/U23-Library/libs/libgaming/libgaming.a(VGA.o)
 .ARM.attributes
                0x00000000000002c4       0x3b /home/marvin/u23/U23-Library/libs/libgaming/libgaming.a(Font.o)
 .ARM.attributes
                0x00000000000002ff       0x3b /home/marvin/u23/U23-Library/libs/libgaming/libgaming.a(Random.o)
 .ARM.attributes
                0x000000000000033a       0x3b /home/marvin/u23/U23-Library/libs/libgaming/libgaming.a(Accelerometer.o)
 .ARM.attributes
                0x0000000000000375       0x3b /home/marvin/u23/U23-Library/libs/libgaming/libgaming.a(Gamestate.o)
 .ARM.attributes
                0x00000000000003b0       0x3b /home/marvin/u23/U23-Library/libs/libgaming/libgaming.a(UserInterface.o)
 .ARM.attributes
                0x00000000000003eb       0x3b /home/marvin/u23/U23-Library/libs/libgaming/libgaming.a(PushButtons.o)
 .ARM.attributes
                0x0000000000000426       0x3b /home/marvin/u23/U23-Library/libs/libstm32f4xx/libstm32f4xx.a(misc.o)
 .ARM.attributes
                0x0000000000000461       0x3b /home/marvin/u23/U23-Library/libs/libstm32f4xx/libstm32f4xx.a(stm32f4xx_cryp_aes.o)
 .ARM.attributes
                0x000000000000049c       0x3b /home/marvin/u23/U23-Library/libs/libstm32f4xx/libstm32f4xx.a(stm32f4xx_dac.o)
 .ARM.attributes
                0x00000000000004d7       0x3b /home/marvin/u23/U23-Library/libs/libstm32f4xx/libstm32f4xx.a(stm32f4xx_exti.o)
 .ARM.attributes
                0x0000000000000512       0x3b /home/marvin/u23/U23-Library/libs/libstm32f4xx/libstm32f4xx.a(stm32f4xx_hash.o)
 .ARM.attributes
                0x000000000000054d       0x3b /home/marvin/u23/U23-Library/libs/libstm32f4xx/libstm32f4xx.a(stm32f4xx_iwdg.o)
 .ARM.attributes
                0x0000000000000588       0x3b /home/marvin/u23/U23-Library/libs/libstm32f4xx/libstm32f4xx.a(stm32f4xx_rtc.o)
 .ARM.attributes
                0x00000000000005c3       0x3b /home/marvin/u23/U23-Library/libs/libstm32f4xx/libstm32f4xx.a(stm32f4xx_tim.o)
 .ARM.attributes
                0x00000000000005fe       0x3b /home/marvin/u23/U23-Library/libs/libstm32f4xx/libstm32f4xx.a(stm32f4xx_adc.o)
 .ARM.attributes
                0x0000000000000639       0x3b /home/marvin/u23/U23-Library/libs/libstm32f4xx/libstm32f4xx.a(stm32f4xx_cryp.o)
 .ARM.attributes
                0x0000000000000674       0x3b /home/marvin/u23/U23-Library/libs/libstm32f4xx/libstm32f4xx.a(stm32f4xx_dbgmcu.o)
 .ARM.attributes
                0x00000000000006af       0x3b /home/marvin/u23/U23-Library/libs/libstm32f4xx/libstm32f4xx.a(stm32f4xx_flash.o)
 .ARM.attributes
                0x00000000000006ea       0x3b /home/marvin/u23/U23-Library/libs/libstm32f4xx/libstm32f4xx.a(stm32f4xx_hash_md5.o)
 .ARM.attributes
                0x0000000000000725       0x3b /home/marvin/u23/U23-Library/libs/libstm32f4xx/libstm32f4xx.a(stm32f4xx_pwr.o)
 .ARM.attributes
                0x0000000000000760       0x3b /home/marvin/u23/U23-Library/libs/libstm32f4xx/libstm32f4xx.a(stm32f4xx_sdio.o)
 .ARM.attributes
                0x000000000000079b       0x3b /home/marvin/u23/U23-Library/libs/libstm32f4xx/libstm32f4xx.a(stm32f4xx_usart.o)
 .ARM.attributes
                0x00000000000007d6       0x3b /home/marvin/u23/U23-Library/libs/libstm32f4xx/libstm32f4xx.a(stm32f4xx_can.o)
 .ARM.attributes
                0x0000000000000811       0x3b /home/marvin/u23/U23-Library/libs/libstm32f4xx/libstm32f4xx.a(stm32f4xx_cryp_des.o)
 .ARM.attributes
                0x000000000000084c       0x3b /home/marvin/u23/U23-Library/libs/libstm32f4xx/libstm32f4xx.a(stm32f4xx_dcmi.o)
 .ARM.attributes
                0x0000000000000887       0x3b /home/marvin/u23/U23-Library/libs/libstm32f4xx/libstm32f4xx.a(stm32f4xx_fsmc.o)
 .ARM.attributes
                0x00000000000008c2       0x3b /home/marvin/u23/U23-Library/libs/libstm32f4xx/libstm32f4xx.a(stm32f4xx_hash_sha1.o)
 .ARM.attributes
                0x00000000000008fd       0x3b /home/marvin/u23/U23-Library/libs/libstm32f4xx/libstm32f4xx.a(stm32f4xx_rcc.o)
 .ARM.attributes
                0x0000000000000938       0x3b /home/marvin/u23/U23-Library/libs/libstm32f4xx/libstm32f4xx.a(stm32f4xx_spi.o)
 .ARM.attributes
                0x0000000000000973       0x3b /home/marvin/u23/U23-Library/libs/libstm32f4xx/libstm32f4xx.a(stm32f4xx_wwdg.o)
 .ARM.attributes
                0x00000000000009ae       0x3b /home/marvin/u23/U23-Library/libs/libstm32f4xx/libstm32f4xx.a(stm32f4xx_crc.o)
 .ARM.attributes
                0x00000000000009e9       0x3b /home/marvin/u23/U23-Library/libs/libstm32f4xx/libstm32f4xx.a(stm32f4xx_cryp_tdes.o)
 .ARM.attributes
                0x0000000000000a24       0x3b /home/marvin/u23/U23-Library/libs/libstm32f4xx/libstm32f4xx.a(stm32f4xx_dma.o)
 .ARM.attributes
                0x0000000000000a5f       0x3b /home/marvin/u23/U23-Library/libs/libstm32f4xx/libstm32f4xx.a(stm32f4xx_gpio.o)
 .ARM.attributes
                0x0000000000000a9a       0x3b /home/marvin/u23/U23-Library/libs/libstm32f4xx/libstm32f4xx.a(stm32f4xx_i2c.o)
 .ARM.attributes
                0x0000000000000ad5       0x3b /home/marvin/u23/U23-Library/libs/libstm32f4xx/libstm32f4xx.a(stm32f4xx_rng.o)
 .ARM.attributes
                0x0000000000000b10       0x3b /home/marvin/u23/U23-Library/libs/libstm32f4xx/libstm32f4xx.a(stm32f4xx_syscfg.o)
 .ARM.attributes
                0x0000000000000b4b       0x3b /home/marvin/u23/U23-Library/libs/libfatfs/libfatfs.a(ff.o)
 .ARM.attributes
                0x0000000000000b86       0x3b /home/marvin/u23/U23-Library/libs/libsdcard/libsdcard.a(sdcard.o)
 .ARM.attributes
                0x0000000000000bc1       0x3b /home/marvin/u23/U23-Library/libs/libsdcard/libsdcard.a(sdcard_lowlevel.o)
 .ARM.attributes
                0x0000000000000bfc       0x3b /home/marvin/u23/U23-Library/libs/libgraphics/libgraphics.a(Bitmap.o)
 .ARM.attributes
                0x0000000000000c37       0x3b /home/marvin/u23/U23-Library/libs/libgraphics/libgraphics.a(DrawingBitmaps.o)
 .ARM.attributes
                0x0000000000000c72       0x3b /home/marvin/u23/U23-Library/libs/libgraphics/libgraphics.a(DrawingCircles.o)
 .ARM.attributes
                0x0000000000000cad       0x3b /home/marvin/u23/U23-Library/libs/libgraphics/libgraphics.a(DrawingLines.o)
 .ARM.attributes
                0x0000000000000ce8       0x3b /home/marvin/u23/U23-Library/libs/libgraphics/libgraphics.a(DrawingPixels.o)
 .ARM.attributes
                0x0000000000000d23       0x3b /home/marvin/u23/U23-Library/libs/libgraphics/libgraphics.a(DrawingRLEBitmaps.o)
 .ARM.attributes
                0x0000000000000d5e       0x3b /home/marvin/u23/U23-Library/libs/libgraphics/libgraphics.a(DrawingRectangles.o)
 .ARM.attributes
                0x0000000000000d99       0x3b /home/marvin/u23/U23-Library/libs/libgraphics/libgraphics.a(DrawingStraightLines.o)
 .ARM.attributes
                0x0000000000000dd4       0x3b /home/marvin/u23/U23-Library/libs/libgraphics/libgraphics.a(RLEBitmap.o)
 .ARM.attributes
                0x0000000000000e0f       0x3b /opt/STM32/lib/gcc/arm-none-eabi/4.7.1/../../../../arm-none-eabi/lib/thumb/cortex-m4/float-abi-hard/fpuv4-sp-d16/libc.a(lib_a-errno.o)
 .ARM.attributes
                0x0000000000000e4a       0x3b /opt/STM32/lib/gcc/arm-none-eabi/4.7.1/../../../../arm-none-eabi/lib/thumb/cortex-m4/float-abi-hard/fpuv4-sp-d16/libc.a(lib_a-fprintf.o)
 .ARM.attributes
                0x0000000000000e85       0x3b /opt/STM32/lib/gcc/arm-none-eabi/4.7.1/../../../../arm-none-eabi/lib/thumb/cortex-m4/float-abi-hard/fpuv4-sp-d16/libc.a(lib_a-fwrite.o)
 .ARM.attributes
                0x0000000000000ec0       0x3b /opt/STM32/lib/gcc/arm-none-eabi/4.7.1/../../../../arm-none-eabi/lib/thumb/cortex-m4/float-abi-hard/fpuv4-sp-d16/libc.a(lib_a-impure.o)
 .ARM.attributes
                0x0000000000000efb       0x3b /opt/STM32/lib/gcc/arm-none-eabi/4.7.1/../../../../arm-none-eabi/lib/thumb/cortex-m4/float-abi-hard/fpuv4-sp-d16/libc.a(lib_a-memcpy-stub.o)
 .ARM.attributes
                0x0000000000000f36       0x3b /opt/STM32/lib/gcc/arm-none-eabi/4.7.1/../../../../arm-none-eabi/lib/thumb/cortex-m4/float-abi-hard/fpuv4-sp-d16/libc.a(lib_a-memmove.o)
 .ARM.attributes
                0x0000000000000f71       0x3b /opt/STM32/lib/gcc/arm-none-eabi/4.7.1/../../../../arm-none-eabi/lib/thumb/cortex-m4/float-abi-hard/fpuv4-sp-d16/libc.a(lib_a-memset.o)
 .ARM.attributes
                0x0000000000000fac       0x3b /opt/STM32/lib/gcc/arm-none-eabi/4.7.1/../../../../arm-none-eabi/lib/thumb/cortex-m4/float-abi-hard/fpuv4-sp-d16/libc.a(lib_a-setvbuf.o)
 .ARM.attributes
                0x0000000000000fe7       0x3b /opt/STM32/lib/gcc/arm-none-eabi/4.7.1/../../../../arm-none-eabi/lib/thumb/cortex-m4/float-abi-hard/fpuv4-sp-d16/libc.a(lib_a-strlen.o)
 .ARM.attributes
                0x0000000000001022       0x3b /opt/STM32/lib/gcc/arm-none-eabi/4.7.1/../../../../arm-none-eabi/lib/thumb/cortex-m4/float-abi-hard/fpuv4-sp-d16/libc.a(lib_a-vfprintf.o)
 .ARM.attributes
                0x000000000000105d       0x3b /opt/STM32/lib/gcc/arm-none-eabi/4.7.1/../../../../arm-none-eabi/lib/thumb/cortex-m4/float-abi-hard/fpuv4-sp-d16/libc.a(lib_a-wsetup.o)
 .ARM.attributes
                0x0000000000001098       0x3b /opt/STM32/lib/gcc/arm-none-eabi/4.7.1/../../../../arm-none-eabi/lib/thumb/cortex-m4/float-abi-hard/fpuv4-sp-d16/libc.a(lib_a-dtoa.o)
 .ARM.attributes
                0x00000000000010d3       0x3b /opt/STM32/lib/gcc/arm-none-eabi/4.7.1/../../../../arm-none-eabi/lib/thumb/cortex-m4/float-abi-hard/fpuv4-sp-d16/libc.a(lib_a-fflush.o)
 .ARM.attributes
                0x000000000000110e       0x3b /opt/STM32/lib/gcc/arm-none-eabi/4.7.1/../../../../arm-none-eabi/lib/thumb/cortex-m4/float-abi-hard/fpuv4-sp-d16/libc.a(lib_a-findfp.o)
 .ARM.attributes
                0x0000000000001149       0x3b /opt/STM32/lib/gcc/arm-none-eabi/4.7.1/../../../../arm-none-eabi/lib/thumb/cortex-m4/float-abi-hard/fpuv4-sp-d16/libc.a(lib_a-freer.o)
 .ARM.attributes
                0x0000000000001184       0x3b /opt/STM32/lib/gcc/arm-none-eabi/4.7.1/../../../../arm-none-eabi/lib/thumb/cortex-m4/float-abi-hard/fpuv4-sp-d16/libc.a(lib_a-fvwrite.o)
 .ARM.attributes
                0x00000000000011bf       0x3b /opt/STM32/lib/gcc/arm-none-eabi/4.7.1/../../../../arm-none-eabi/lib/thumb/cortex-m4/float-abi-hard/fpuv4-sp-d16/libc.a(lib_a-fwalk.o)
 .ARM.attributes
                0x00000000000011fa       0x3b /opt/STM32/lib/gcc/arm-none-eabi/4.7.1/../../../../arm-none-eabi/lib/thumb/cortex-m4/float-abi-hard/fpuv4-sp-d16/libc.a(lib_a-locale.o)
 .ARM.attributes
                0x0000000000001235       0x3b /opt/STM32/lib/gcc/arm-none-eabi/4.7.1/../../../../arm-none-eabi/lib/thumb/cortex-m4/float-abi-hard/fpuv4-sp-d16/libc.a(lib_a-makebuf.o)
 .ARM.attributes
                0x0000000000001270       0x3b /opt/STM32/lib/gcc/arm-none-eabi/4.7.1/../../../../arm-none-eabi/lib/thumb/cortex-m4/float-abi-hard/fpuv4-sp-d16/libc.a(lib_a-malloc.o)
 .ARM.attributes
                0x00000000000012ab       0x3b /opt/STM32/lib/gcc/arm-none-eabi/4.7.1/../../../../arm-none-eabi/lib/thumb/cortex-m4/float-abi-hard/fpuv4-sp-d16/libc.a(lib_a-mallocr.o)
 .ARM.attributes
                0x00000000000012e6       0x3b /opt/STM32/lib/gcc/arm-none-eabi/4.7.1/../../../../arm-none-eabi/lib/thumb/cortex-m4/float-abi-hard/fpuv4-sp-d16/libc.a(lib_a-memchr-stub.o)
 .ARM.attributes
                0x0000000000001321       0x3b /opt/STM32/lib/gcc/arm-none-eabi/4.7.1/../../../../arm-none-eabi/lib/thumb/cortex-m4/float-abi-hard/fpuv4-sp-d16/libc.a(lib_a-mlock.o)
 .ARM.attributes
                0x000000000000135c       0x3b /opt/STM32/lib/gcc/arm-none-eabi/4.7.1/../../../../arm-none-eabi/lib/thumb/cortex-m4/float-abi-hard/fpuv4-sp-d16/libc.a(lib_a-mprec.o)
 .ARM.attributes
                0x0000000000001397       0x3b /opt/STM32/lib/gcc/arm-none-eabi/4.7.1/../../../../arm-none-eabi/lib/thumb/cortex-m4/float-abi-hard/fpuv4-sp-d16/libc.a(lib_a-reallocr.o)
 .ARM.attributes
                0x00000000000013d2       0x3b /opt/STM32/lib/gcc/arm-none-eabi/4.7.1/../../../../arm-none-eabi/lib/thumb/cortex-m4/float-abi-hard/fpuv4-sp-d16/libc.a(lib_a-sbrkr.o)
 .ARM.attributes
                0x000000000000140d       0x3b /opt/STM32/lib/gcc/arm-none-eabi/4.7.1/../../../../arm-none-eabi/lib/thumb/cortex-m4/float-abi-hard/fpuv4-sp-d16/libc.a(lib_a-s_fpclassify.o)
 .ARM.attributes
                0x0000000000001448       0x3b /opt/STM32/lib/gcc/arm-none-eabi/4.7.1/../../../../arm-none-eabi/lib/thumb/cortex-m4/float-abi-hard/fpuv4-sp-d16/libc.a(lib_a-stdio.o)
 .ARM.attributes
                0x0000000000001483       0x3b /opt/STM32/lib/gcc/arm-none-eabi/4.7.1/../../../../arm-none-eabi/lib/thumb/cortex-m4/float-abi-hard/fpuv4-sp-d16/libc.a(lib_a-strcmp.o)
 .ARM.attributes
                0x00000000000014be       0x3b /opt/STM32/lib/gcc/arm-none-eabi/4.7.1/../../../../arm-none-eabi/lib/thumb/cortex-m4/float-abi-hard/fpuv4-sp-d16/libc.a(lib_a-vfiprintf.o)
 .ARM.attributes
                0x00000000000014f9       0x3b /opt/STM32/lib/gcc/arm-none-eabi/4.7.1/../../../../arm-none-eabi/lib/thumb/cortex-m4/float-abi-hard/fpuv4-sp-d16/libc.a(lib_a-writer.o)
 .ARM.attributes
                0x0000000000001534       0x3b /opt/STM32/lib/gcc/arm-none-eabi/4.7.1/../../../../arm-none-eabi/lib/thumb/cortex-m4/float-abi-hard/fpuv4-sp-d16/libc.a(lib_a-callocr.o)
 .ARM.attributes
                0x000000000000156f       0x3b /opt/STM32/lib/gcc/arm-none-eabi/4.7.1/../../../../arm-none-eabi/lib/thumb/cortex-m4/float-abi-hard/fpuv4-sp-d16/libc.a(lib_a-closer.o)
 .ARM.attributes
                0x00000000000015aa       0x3b /opt/STM32/lib/gcc/arm-none-eabi/4.7.1/../../../../arm-none-eabi/lib/thumb/cortex-m4/float-abi-hard/fpuv4-sp-d16/libc.a(lib_a-fclose.o)
 .ARM.attributes
                0x00000000000015e5       0x3b /opt/STM32/lib/gcc/arm-none-eabi/4.7.1/../../../../arm-none-eabi/lib/thumb/cortex-m4/float-abi-hard/fpuv4-sp-d16/libc.a(lib_a-fputwc.o)
 .ARM.attributes
                0x0000000000001620       0x3b /opt/STM32/lib/gcc/arm-none-eabi/4.7.1/../../../../arm-none-eabi/lib/thumb/cortex-m4/float-abi-hard/fpuv4-sp-d16/libc.a(lib_a-fstatr.o)
 .ARM.attributes
                0x000000000000165b       0x3b /opt/STM32/lib/gcc/arm-none-eabi/4.7.1/../../../../arm-none-eabi/lib/thumb/cortex-m4/float-abi-hard/fpuv4-sp-d16/libc.a(lib_a-lseekr.o)
 .ARM.attributes
                0x0000000000001696       0x3b /opt/STM32/lib/gcc/arm-none-eabi/4.7.1/../../../../arm-none-eabi/lib/thumb/cortex-m4/float-abi-hard/fpuv4-sp-d16/libc.a(lib_a-readr.o)
 .ARM.attributes
                0x00000000000016d1       0x3b /opt/STM32/lib/gcc/arm-none-eabi/4.7.1/../../../../arm-none-eabi/lib/thumb/cortex-m4/float-abi-hard/fpuv4-sp-d16/libc.a(lib_a-reent.o)
 .ARM.attributes
                0x000000000000170c       0x3b /opt/STM32/lib/gcc/arm-none-eabi/4.7.1/../../../../arm-none-eabi/lib/thumb/cortex-m4/float-abi-hard/fpuv4-sp-d16/libc.a(lib_a-wbuf.o)
 .ARM.attributes
                0x0000000000001747       0x3b /opt/STM32/lib/gcc/arm-none-eabi/4.7.1/../../../../arm-none-eabi/lib/thumb/cortex-m4/float-abi-hard/fpuv4-sp-d16/libc.a(lib_a-wcrtomb.o)
 .ARM.attributes
                0x0000000000001782       0x3b /opt/STM32/lib/gcc/arm-none-eabi/4.7.1/../../../../arm-none-eabi/lib/thumb/cortex-m4/float-abi-hard/fpuv4-sp-d16/libc.a(lib_a-wctomb_r.o)
 .ARM.attributes
                0x00000000000017bd       0x3b /home/marvin/u23/U23-Library/firmware/spielewiese/obj/Game.o
 .ARM.attributes
                0x00000000000017f8       0x3b /home/marvin/u23/U23-Library/firmware/spielewiese/obj/testbild.o
 .ARM.attributes
                0x0000000000001833       0x29 /opt/STM32/lib/gcc/arm-none-eabi/4.7.1/thumb/cortex-m4/float-abi-hard/fpuv4-sp-d16/libgcc.a(_arm_addsubdf3.o)
 .ARM.attributes
                0x000000000000185c       0x29 /opt/STM32/lib/gcc/arm-none-eabi/4.7.1/thumb/cortex-m4/float-abi-hard/fpuv4-sp-d16/libgcc.a(_arm_muldivdf3.o)
 .ARM.attributes
                0x0000000000001885       0x29 /opt/STM32/lib/gcc/arm-none-eabi/4.7.1/thumb/cortex-m4/float-abi-hard/fpuv4-sp-d16/libgcc.a(_arm_cmpdf2.o)
 .ARM.attributes
                0x00000000000018ae       0x29 /opt/STM32/lib/gcc/arm-none-eabi/4.7.1/thumb/cortex-m4/float-abi-hard/fpuv4-sp-d16/libgcc.a(_arm_fixdfsi.o)

/DISCARD/
 *(.note.GNU-stack)
 libc.a(*)
 libgcc.a(*)
 libm.a(*)
START GROUP
LOAD /opt/STM32/lib/gcc/arm-none-eabi/4.7.1/../../../../arm-none-eabi/lib/thumb/cortex-m4/float-abi-hard/fpuv4-sp-d16/libc.a
LOAD /home/marvin/u23/U23-Library/libs/libgaming/libgaming.a
LOAD /home/marvin/u23/U23-Library/libs/libstm32f4xx/libstm32f4xx.a
LOAD /home/marvin/u23/U23-Library/libs/libfatfs/libfatfs.a
LOAD /home/marvin/u23/U23-Library/libs/libsdcard/libsdcard.a
LOAD /home/marvin/u23/U23-Library/libs/libgraphics/libgraphics.a
END GROUP
LOAD /home/marvin/u23/U23-Library/firmware/spielewiese/obj/Game.o
LOAD /home/marvin/u23/U23-Library/firmware/spielewiese/obj/testbild.o
LOAD /home/marvin/u23/U23-Library/libs/libgaming/libgaming.a
LOAD /home/marvin/u23/U23-Library/libs/libstm32f4xx/libstm32f4xx.a
LOAD /home/marvin/u23/U23-Library/libs/libfatfs/libfatfs.a
LOAD /home/marvin/u23/U23-Library/libs/libsdcard/libsdcard.a
LOAD /home/marvin/u23/U23-Library/libs/libgraphics/libgraphics.a
START GROUP
LOAD /opt/STM32/lib/gcc/arm-none-eabi/4.7.1/thumb/cortex-m4/float-abi-hard/fpuv4-sp-d16/libgcc.a
LOAD /opt/STM32/lib/gcc/arm-none-eabi/4.7.1/../../../../arm-none-eabi/lib/thumb/cortex-m4/float-abi-hard/fpuv4-sp-d16/libc.a
END GROUP
OUTPUT(/home/marvin/u23/U23-Library/firmware/spielewiese/spielewiese.elf elf32-littlearm)

.debug_info     0x0000000000000000    0x58ccb
 .debug_info    0x0000000000000000      0x31d /home/marvin/u23/U23-Library/libs/libgaming/libgaming.a(LED.o)
 .debug_info    0x000000000000031d     0x11c7 /home/marvin/u23/U23-Library/libs/libgaming/libgaming.a(NewlibSyscalls.o)
 .debug_info    0x00000000000014e4      0xa2f /home/marvin/u23/U23-Library/libs/libgaming/libgaming.a(SNES.o)
 .debug_info    0x0000000000001f13      0xb05 /home/marvin/u23/U23-Library/libs/libgaming/libgaming.a(Startup.o)
 .debug_info    0x0000000000002a18      0x614 /home/marvin/u23/U23-Library/libs/libgaming/libgaming.a(SystemInit.o)
 .debug_info    0x000000000000302c      0x785 /home/marvin/u23/U23-Library/libs/libgaming/libgaming.a(USART.o)
 .debug_info    0x00000000000037b1     0x154d /home/marvin/u23/U23-Library/libs/libgaming/libgaming.a(Main.o)
 .debug_info    0x0000000000004cfe      0xa54 /home/marvin/u23/U23-Library/libs/libgaming/libgaming.a(Debug.o)
 .debug_info    0x0000000000005752       0xd8 /home/marvin/u23/U23-Library/libs/libgaming/libgaming.a(SysTick.o)
 .debug_info    0x000000000000582a      0xbbf /home/marvin/u23/U23-Library/libs/libgaming/libgaming.a(Filesystem.o)
 .debug_info    0x00000000000063e9      0x972 /home/marvin/u23/U23-Library/libs/libgaming/libgaming.a(DiskIO.o)
 .debug_info    0x0000000000006d5b     0x10ea /home/marvin/u23/U23-Library/libs/libgaming/libgaming.a(VGA.o)
 .debug_info    0x0000000000007e45     0xaa54 /home/marvin/u23/U23-Library/libs/libgaming/libgaming.a(Font.o)
 .debug_info    0x0000000000012899      0x242 /home/marvin/u23/U23-Library/libs/libgaming/libgaming.a(Random.o)
 .debug_info    0x0000000000012adb      0xcb3 /home/marvin/u23/U23-Library/libs/libgaming/libgaming.a(Accelerometer.o)
 .debug_info    0x000000000001378e      0xba8 /home/marvin/u23/U23-Library/libs/libgaming/libgaming.a(Gamestate.o)
 .debug_info    0x0000000000014336      0x7d8 /home/marvin/u23/U23-Library/libs/libgaming/libgaming.a(UserInterface.o)
 .debug_info    0x0000000000014b0e      0x602 /home/marvin/u23/U23-Library/libs/libgaming/libgaming.a(PushButtons.o)
 .debug_info    0x0000000000015110      0x594 /home/marvin/u23/U23-Library/libs/libstm32f4xx/libstm32f4xx.a(misc.o)
 .debug_info    0x00000000000156a4     0x1602 /home/marvin/u23/U23-Library/libs/libstm32f4xx/libstm32f4xx.a(stm32f4xx_cryp_aes.o)
 .debug_info    0x0000000000016ca6      0x6e3 /home/marvin/u23/U23-Library/libs/libstm32f4xx/libstm32f4xx.a(stm32f4xx_dac.o)
 .debug_info    0x0000000000017389      0x371 /home/marvin/u23/U23-Library/libs/libstm32f4xx/libstm32f4xx.a(stm32f4xx_exti.o)
 .debug_info    0x00000000000176fa      0x5d4 /home/marvin/u23/U23-Library/libs/libstm32f4xx/libstm32f4xx.a(stm32f4xx_hash.o)
 .debug_info    0x0000000000017cce      0x203 /home/marvin/u23/U23-Library/libs/libstm32f4xx/libstm32f4xx.a(stm32f4xx_iwdg.o)
 .debug_info    0x0000000000017ed1     0x17bb /home/marvin/u23/U23-Library/libs/libstm32f4xx/libstm32f4xx.a(stm32f4xx_rtc.o)
 .debug_info    0x000000000001968c     0x26d2 /home/marvin/u23/U23-Library/libs/libstm32f4xx/libstm32f4xx.a(stm32f4xx_tim.o)
 .debug_info    0x000000000001bd5e      0xd49 /home/marvin/u23/U23-Library/libs/libstm32f4xx/libstm32f4xx.a(stm32f4xx_adc.o)
 .debug_info    0x000000000001caa7      0x7e4 /home/marvin/u23/U23-Library/libs/libstm32f4xx/libstm32f4xx.a(stm32f4xx_cryp.o)
 .debug_info    0x000000000001d28b      0x1e8 /home/marvin/u23/U23-Library/libs/libstm32f4xx/libstm32f4xx.a(stm32f4xx_dbgmcu.o)
 .debug_info    0x000000000001d473      0x860 /home/marvin/u23/U23-Library/libs/libstm32f4xx/libstm32f4xx.a(stm32f4xx_flash.o)
 .debug_info    0x000000000001dcd3      0x6b6 /home/marvin/u23/U23-Library/libs/libstm32f4xx/libstm32f4xx.a(stm32f4xx_hash_md5.o)
 .debug_info    0x000000000001e389      0x585 /home/marvin/u23/U23-Library/libs/libstm32f4xx/libstm32f4xx.a(stm32f4xx_pwr.o)
 .debug_info    0x000000000001e90e      0x8eb /home/marvin/u23/U23-Library/libs/libstm32f4xx/libstm32f4xx.a(stm32f4xx_sdio.o)
 .debug_info    0x000000000001f1f9      0xbdd /home/marvin/u23/U23-Library/libs/libstm32f4xx/libstm32f4xx.a(stm32f4xx_usart.o)
 .debug_info    0x000000000001fdd6      0xd0a /home/marvin/u23/U23-Library/libs/libstm32f4xx/libstm32f4xx.a(stm32f4xx_can.o)
 .debug_info    0x0000000000020ae0      0x7aa /home/marvin/u23/U23-Library/libs/libstm32f4xx/libstm32f4xx.a(stm32f4xx_cryp_des.o)
 .debug_info    0x000000000002128a      0x599 /home/marvin/u23/U23-Library/libs/libstm32f4xx/libstm32f4xx.a(stm32f4xx_dcmi.o)
 .debug_info    0x0000000000021823      0x9ae /home/marvin/u23/U23-Library/libs/libstm32f4xx/libstm32f4xx.a(stm32f4xx_fsmc.o)
 .debug_info    0x00000000000221d1      0x716 /home/marvin/u23/U23-Library/libs/libstm32f4xx/libstm32f4xx.a(stm32f4xx_hash_sha1.o)
 .debug_info    0x00000000000228e7      0xdd2 /home/marvin/u23/U23-Library/libs/libstm32f4xx/libstm32f4xx.a(stm32f4xx_rcc.o)
 .debug_info    0x00000000000236b9      0xc92 /home/marvin/u23/U23-Library/libs/libstm32f4xx/libstm32f4xx.a(stm32f4xx_spi.o)
 .debug_info    0x000000000002434b      0x2b0 /home/marvin/u23/U23-Library/libs/libstm32f4xx/libstm32f4xx.a(stm32f4xx_wwdg.o)
 .debug_info    0x00000000000245fb      0x207 /home/marvin/u23/U23-Library/libs/libstm32f4xx/libstm32f4xx.a(stm32f4xx_crc.o)
 .debug_info    0x0000000000024802      0x92a /home/marvin/u23/U23-Library/libs/libstm32f4xx/libstm32f4xx.a(stm32f4xx_cryp_tdes.o)
 .debug_info    0x000000000002512c      0x7a3 /home/marvin/u23/U23-Library/libs/libstm32f4xx/libstm32f4xx.a(stm32f4xx_dma.o)
 .debug_info    0x00000000000258cf      0x815 /home/marvin/u23/U23-Library/libs/libstm32f4xx/libstm32f4xx.a(stm32f4xx_gpio.o)
 .debug_info    0x00000000000260e4      0xc67 /home/marvin/u23/U23-Library/libs/libstm32f4xx/libstm32f4xx.a(stm32f4xx_i2c.o)
 .debug_info    0x0000000000026d4b      0x2d9 /home/marvin/u23/U23-Library/libs/libstm32f4xx/libstm32f4xx.a(stm32f4xx_rng.o)
 .debug_info    0x0000000000027024      0x2c2 /home/marvin/u23/U23-Library/libs/libstm32f4xx/libstm32f4xx.a(stm32f4xx_syscfg.o)
 .debug_info    0x00000000000272e6     0x2fcf /home/marvin/u23/U23-Library/libs/libfatfs/libfatfs.a(ff.o)
 .debug_info    0x000000000002a2b5     0x2742 /home/marvin/u23/U23-Library/libs/libsdcard/libsdcard.a(sdcard.o)
 .debug_info    0x000000000002c9f7      0xa2f /home/marvin/u23/U23-Library/libs/libsdcard/libsdcard.a(sdcard_lowlevel.o)
 .debug_info    0x000000000002d426      0x6cd /home/marvin/u23/U23-Library/libs/libgraphics/libgraphics.a(Bitmap.o)
 .debug_info    0x000000000002daf3     0x14ad /home/marvin/u23/U23-Library/libs/libgraphics/libgraphics.a(DrawingBitmaps.o)
 .debug_info    0x000000000002efa0     0x5925 /home/marvin/u23/U23-Library/libs/libgraphics/libgraphics.a(DrawingCircles.o)
 .debug_info    0x00000000000348c5     0x2450 /home/marvin/u23/U23-Library/libs/libgraphics/libgraphics.a(DrawingLines.o)
 .debug_info    0x0000000000036d15      0x993 /home/marvin/u23/U23-Library/libs/libgraphics/libgraphics.a(DrawingPixels.o)
 .debug_info    0x00000000000376a8     0x1a12 /home/marvin/u23/U23-Library/libs/libgraphics/libgraphics.a(DrawingRLEBitmaps.o)
 .debug_info    0x00000000000390ba     0x271c /home/marvin/u23/U23-Library/libs/libgraphics/libgraphics.a(DrawingRectangles.o)
 .debug_info    0x000000000003b7d6      0xd2e /home/marvin/u23/U23-Library/libs/libgraphics/libgraphics.a(DrawingStraightLines.o)
 .debug_info    0x000000000003c504      0x4b4 /home/marvin/u23/U23-Library/libs/libgraphics/libgraphics.a(RLEBitmap.o)
 .debug_info    0x000000000003c9b8      0x95e /opt/STM32/lib/gcc/arm-none-eabi/4.7.1/../../../../arm-none-eabi/lib/thumb/cortex-m4/float-abi-hard/fpuv4-sp-d16/libc.a(lib_a-errno.o)
 .debug_info    0x000000000003d316      0xaa3 /opt/STM32/lib/gcc/arm-none-eabi/4.7.1/../../../../arm-none-eabi/lib/thumb/cortex-m4/float-abi-hard/fpuv4-sp-d16/libc.a(lib_a-fprintf.o)
 .debug_info    0x000000000003ddb9      0xb38 /opt/STM32/lib/gcc/arm-none-eabi/4.7.1/../../../../arm-none-eabi/lib/thumb/cortex-m4/float-abi-hard/fpuv4-sp-d16/libc.a(lib_a-fwrite.o)
 .debug_info    0x000000000003e8f1      0x965 /opt/STM32/lib/gcc/arm-none-eabi/4.7.1/../../../../arm-none-eabi/lib/thumb/cortex-m4/float-abi-hard/fpuv4-sp-d16/libc.a(lib_a-impure.o)
 .debug_info    0x000000000003f256      0x136 /opt/STM32/lib/gcc/arm-none-eabi/4.7.1/../../../../arm-none-eabi/lib/thumb/cortex-m4/float-abi-hard/fpuv4-sp-d16/libc.a(lib_a-memcpy-stub.o)
 .debug_info    0x000000000003f38c      0x136 /opt/STM32/lib/gcc/arm-none-eabi/4.7.1/../../../../arm-none-eabi/lib/thumb/cortex-m4/float-abi-hard/fpuv4-sp-d16/libc.a(lib_a-memmove.o)
 .debug_info    0x000000000003f4c2      0x11c /opt/STM32/lib/gcc/arm-none-eabi/4.7.1/../../../../arm-none-eabi/lib/thumb/cortex-m4/float-abi-hard/fpuv4-sp-d16/libc.a(lib_a-memset.o)
 .debug_info    0x000000000003f5de      0xa84 /opt/STM32/lib/gcc/arm-none-eabi/4.7.1/../../../../arm-none-eabi/lib/thumb/cortex-m4/float-abi-hard/fpuv4-sp-d16/libc.a(lib_a-setvbuf.o)
 .debug_info    0x0000000000040062       0xb9 /opt/STM32/lib/gcc/arm-none-eabi/4.7.1/../../../../arm-none-eabi/lib/thumb/cortex-m4/float-abi-hard/fpuv4-sp-d16/libc.a(lib_a-strlen.o)
 .debug_info    0x000000000004011b     0x18fb /opt/STM32/lib/gcc/arm-none-eabi/4.7.1/../../../../arm-none-eabi/lib/thumb/cortex-m4/float-abi-hard/fpuv4-sp-d16/libc.a(lib_a-vfprintf.o)
 .debug_info    0x0000000000041a16      0xa01 /opt/STM32/lib/gcc/arm-none-eabi/4.7.1/../../../../arm-none-eabi/lib/thumb/cortex-m4/float-abi-hard/fpuv4-sp-d16/libc.a(lib_a-wsetup.o)
 .debug_info    0x0000000000042417     0x1452 /opt/STM32/lib/gcc/arm-none-eabi/4.7.1/../../../../arm-none-eabi/lib/thumb/cortex-m4/float-abi-hard/fpuv4-sp-d16/libc.a(lib_a-dtoa.o)
 .debug_info    0x0000000000043869      0xb83 /opt/STM32/lib/gcc/arm-none-eabi/4.7.1/../../../../arm-none-eabi/lib/thumb/cortex-m4/float-abi-hard/fpuv4-sp-d16/libc.a(lib_a-fflush.o)
 .debug_info    0x00000000000443ec      0xdbe /opt/STM32/lib/gcc/arm-none-eabi/4.7.1/../../../../arm-none-eabi/lib/thumb/cortex-m4/float-abi-hard/fpuv4-sp-d16/libc.a(lib_a-findfp.o)
 .debug_info    0x00000000000451aa      0xd0f /opt/STM32/lib/gcc/arm-none-eabi/4.7.1/../../../../arm-none-eabi/lib/thumb/cortex-m4/float-abi-hard/fpuv4-sp-d16/libc.a(lib_a-freer.o)
 .debug_info    0x0000000000045eb9      0xd73 /opt/STM32/lib/gcc/arm-none-eabi/4.7.1/../../../../arm-none-eabi/lib/thumb/cortex-m4/float-abi-hard/fpuv4-sp-d16/libc.a(lib_a-fvwrite.o)
 .debug_info    0x0000000000046c2c      0xa77 /opt/STM32/lib/gcc/arm-none-eabi/4.7.1/../../../../arm-none-eabi/lib/thumb/cortex-m4/float-abi-hard/fpuv4-sp-d16/libc.a(lib_a-fwalk.o)
 .debug_info    0x00000000000476a3      0xd0f /opt/STM32/lib/gcc/arm-none-eabi/4.7.1/../../../../arm-none-eabi/lib/thumb/cortex-m4/float-abi-hard/fpuv4-sp-d16/libc.a(lib_a-locale.o)
 .debug_info    0x00000000000483b2      0xbf0 /opt/STM32/lib/gcc/arm-none-eabi/4.7.1/../../../../arm-none-eabi/lib/thumb/cortex-m4/float-abi-hard/fpuv4-sp-d16/libc.a(lib_a-makebuf.o)
 .debug_info    0x0000000000048fa2      0x9f6 /opt/STM32/lib/gcc/arm-none-eabi/4.7.1/../../../../arm-none-eabi/lib/thumb/cortex-m4/float-abi-hard/fpuv4-sp-d16/libc.a(lib_a-malloc.o)
 .debug_info    0x0000000000049998      0xe85 /opt/STM32/lib/gcc/arm-none-eabi/4.7.1/../../../../arm-none-eabi/lib/thumb/cortex-m4/float-abi-hard/fpuv4-sp-d16/libc.a(lib_a-mallocr.o)
 .debug_info    0x000000000004a81d      0x12e /opt/STM32/lib/gcc/arm-none-eabi/4.7.1/../../../../arm-none-eabi/lib/thumb/cortex-m4/float-abi-hard/fpuv4-sp-d16/libc.a(lib_a-memchr-stub.o)
 .debug_info    0x000000000004a94b      0x989 /opt/STM32/lib/gcc/arm-none-eabi/4.7.1/../../../../arm-none-eabi/lib/thumb/cortex-m4/float-abi-hard/fpuv4-sp-d16/libc.a(lib_a-mlock.o)
 .debug_info    0x000000000004b2d4     0x1769 /opt/STM32/lib/gcc/arm-none-eabi/4.7.1/../../../../arm-none-eabi/lib/thumb/cortex-m4/float-abi-hard/fpuv4-sp-d16/libc.a(lib_a-mprec.o)
 .debug_info    0x000000000004ca3d      0xda9 /opt/STM32/lib/gcc/arm-none-eabi/4.7.1/../../../../arm-none-eabi/lib/thumb/cortex-m4/float-abi-hard/fpuv4-sp-d16/libc.a(lib_a-reallocr.o)
 .debug_info    0x000000000004d7e6      0x9d0 /opt/STM32/lib/gcc/arm-none-eabi/4.7.1/../../../../arm-none-eabi/lib/thumb/cortex-m4/float-abi-hard/fpuv4-sp-d16/libc.a(lib_a-sbrkr.o)
 .debug_info    0x000000000004e1b6      0x14f /opt/STM32/lib/gcc/arm-none-eabi/4.7.1/../../../../arm-none-eabi/lib/thumb/cortex-m4/float-abi-hard/fpuv4-sp-d16/libc.a(lib_a-s_fpclassify.o)
 .debug_info    0x000000000004e305      0xc7b /opt/STM32/lib/gcc/arm-none-eabi/4.7.1/../../../../arm-none-eabi/lib/thumb/cortex-m4/float-abi-hard/fpuv4-sp-d16/libc.a(lib_a-stdio.o)
 .debug_info    0x000000000004ef80       0xf0 /opt/STM32/lib/gcc/arm-none-eabi/4.7.1/../../../../arm-none-eabi/lib/thumb/cortex-m4/float-abi-hard/fpuv4-sp-d16/libc.a(lib_a-strcmp.o)
 .debug_info    0x000000000004f070     0x12ba /opt/STM32/lib/gcc/arm-none-eabi/4.7.1/../../../../arm-none-eabi/lib/thumb/cortex-m4/float-abi-hard/fpuv4-sp-d16/libc.a(lib_a-vfiprintf.o)
 .debug_info    0x000000000005032a      0xa03 /opt/STM32/lib/gcc/arm-none-eabi/4.7.1/../../../../arm-none-eabi/lib/thumb/cortex-m4/float-abi-hard/fpuv4-sp-d16/libc.a(lib_a-writer.o)
 .debug_info    0x0000000000050d2d      0xac2 /opt/STM32/lib/gcc/arm-none-eabi/4.7.1/../../../../arm-none-eabi/lib/thumb/cortex-m4/float-abi-hard/fpuv4-sp-d16/libc.a(lib_a-callocr.o)
 .debug_info    0x00000000000517ef      0x9ba /opt/STM32/lib/gcc/arm-none-eabi/4.7.1/../../../../arm-none-eabi/lib/thumb/cortex-m4/float-abi-hard/fpuv4-sp-d16/libc.a(lib_a-closer.o)
 .debug_info    0x00000000000521a9      0xab0 /opt/STM32/lib/gcc/arm-none-eabi/4.7.1/../../../../arm-none-eabi/lib/thumb/cortex-m4/float-abi-hard/fpuv4-sp-d16/libc.a(lib_a-fclose.o)
 .debug_info    0x0000000000052c59      0xb79 /opt/STM32/lib/gcc/arm-none-eabi/4.7.1/../../../../arm-none-eabi/lib/thumb/cortex-m4/float-abi-hard/fpuv4-sp-d16/libc.a(lib_a-fputwc.o)
 .debug_info    0x00000000000537d2      0xb65 /opt/STM32/lib/gcc/arm-none-eabi/4.7.1/../../../../arm-none-eabi/lib/thumb/cortex-m4/float-abi-hard/fpuv4-sp-d16/libc.a(lib_a-fstatr.o)
 .debug_info    0x0000000000054337      0x9f1 /opt/STM32/lib/gcc/arm-none-eabi/4.7.1/../../../../arm-none-eabi/lib/thumb/cortex-m4/float-abi-hard/fpuv4-sp-d16/libc.a(lib_a-lseekr.o)
 .debug_info    0x0000000000054d28      0x9fc /opt/STM32/lib/gcc/arm-none-eabi/4.7.1/../../../../arm-none-eabi/lib/thumb/cortex-m4/float-abi-hard/fpuv4-sp-d16/libc.a(lib_a-readr.o)
 .debug_info    0x0000000000055724      0xb2d /opt/STM32/lib/gcc/arm-none-eabi/4.7.1/../../../../arm-none-eabi/lib/thumb/cortex-m4/float-abi-hard/fpuv4-sp-d16/libc.a(lib_a-reent.o)
 .debug_info    0x0000000000056251      0xa9b /opt/STM32/lib/gcc/arm-none-eabi/4.7.1/../../../../arm-none-eabi/lib/thumb/cortex-m4/float-abi-hard/fpuv4-sp-d16/libc.a(lib_a-wbuf.o)
 .debug_info    0x0000000000056cec      0xb49 /opt/STM32/lib/gcc/arm-none-eabi/4.7.1/../../../../arm-none-eabi/lib/thumb/cortex-m4/float-abi-hard/fpuv4-sp-d16/libc.a(lib_a-wcrtomb.o)
 .debug_info    0x0000000000057835      0xa92 /opt/STM32/lib/gcc/arm-none-eabi/4.7.1/../../../../arm-none-eabi/lib/thumb/cortex-m4/float-abi-hard/fpuv4-sp-d16/libc.a(lib_a-wctomb_r.o)
 .debug_info    0x00000000000582c7      0x56e /home/marvin/u23/U23-Library/firmware/spielewiese/obj/Game.o
 .debug_info    0x0000000000058835      0x12e /home/marvin/u23/U23-Library/firmware/spielewiese/obj/testbild.o
 .debug_info    0x0000000000058963       0xda /opt/STM32/lib/gcc/arm-none-eabi/4.7.1/thumb/cortex-m4/float-abi-hard/fpuv4-sp-d16/libgcc.a(_arm_addsubdf3.o)
 .debug_info    0x0000000000058a3d       0xda /opt/STM32/lib/gcc/arm-none-eabi/4.7.1/thumb/cortex-m4/float-abi-hard/fpuv4-sp-d16/libgcc.a(_arm_muldivdf3.o)
 .debug_info    0x0000000000058b17       0xda /opt/STM32/lib/gcc/arm-none-eabi/4.7.1/thumb/cortex-m4/float-abi-hard/fpuv4-sp-d16/libgcc.a(_arm_cmpdf2.o)
 .debug_info    0x0000000000058bf1       0xda /opt/STM32/lib/gcc/arm-none-eabi/4.7.1/thumb/cortex-m4/float-abi-hard/fpuv4-sp-d16/libgcc.a(_arm_fixdfsi.o)

.debug_abbrev   0x0000000000000000     0xcf9d
 .debug_abbrev  0x0000000000000000      0x148 /home/marvin/u23/U23-Library/libs/libgaming/libgaming.a(LED.o)
 .debug_abbrev  0x0000000000000148      0x2bf /home/marvin/u23/U23-Library/libs/libgaming/libgaming.a(NewlibSyscalls.o)
 .debug_abbrev  0x0000000000000407      0x1e6 /home/marvin/u23/U23-Library/libs/libgaming/libgaming.a(SNES.o)
 .debug_abbrev  0x00000000000005ed      0x240 /home/marvin/u23/U23-Library/libs/libgaming/libgaming.a(Startup.o)
 .debug_abbrev  0x000000000000082d      0x15f /home/marvin/u23/U23-Library/libs/libgaming/libgaming.a(SystemInit.o)
 .debug_abbrev  0x000000000000098c      0x1af /home/marvin/u23/U23-Library/libs/libgaming/libgaming.a(USART.o)
 .debug_abbrev  0x0000000000000b3b      0x352 /home/marvin/u23/U23-Library/libs/libgaming/libgaming.a(Main.o)
 .debug_abbrev  0x0000000000000e8d      0x239 /home/marvin/u23/U23-Library/libs/libgaming/libgaming.a(Debug.o)
 .debug_abbrev  0x00000000000010c6       0x9d /home/marvin/u23/U23-Library/libs/libgaming/libgaming.a(SysTick.o)
 .debug_abbrev  0x0000000000001163      0x2ca /home/marvin/u23/U23-Library/libs/libgaming/libgaming.a(Filesystem.o)
 .debug_abbrev  0x000000000000142d      0x1f3 /home/marvin/u23/U23-Library/libs/libgaming/libgaming.a(DiskIO.o)
 .debug_abbrev  0x0000000000001620      0x33a /home/marvin/u23/U23-Library/libs/libgaming/libgaming.a(VGA.o)
 .debug_abbrev  0x000000000000195a      0x1ea /home/marvin/u23/U23-Library/libs/libgaming/libgaming.a(Font.o)
 .debug_abbrev  0x0000000000001b44      0x163 /home/marvin/u23/U23-Library/libs/libgaming/libgaming.a(Random.o)
 .debug_abbrev  0x0000000000001ca7      0x2b6 /home/marvin/u23/U23-Library/libs/libgaming/libgaming.a(Accelerometer.o)
 .debug_abbrev  0x0000000000001f5d      0x206 /home/marvin/u23/U23-Library/libs/libgaming/libgaming.a(Gamestate.o)
 .debug_abbrev  0x0000000000002163      0x1a7 /home/marvin/u23/U23-Library/libs/libgaming/libgaming.a(UserInterface.o)
 .debug_abbrev  0x000000000000230a      0x1e8 /home/marvin/u23/U23-Library/libs/libgaming/libgaming.a(PushButtons.o)
 .debug_abbrev  0x00000000000024f2      0x152 /home/marvin/u23/U23-Library/libs/libstm32f4xx/libstm32f4xx.a(misc.o)
 .debug_abbrev  0x0000000000002644      0x28e /home/marvin/u23/U23-Library/libs/libstm32f4xx/libstm32f4xx.a(stm32f4xx_cryp_aes.o)
 .debug_abbrev  0x00000000000028d2      0x213 /home/marvin/u23/U23-Library/libs/libstm32f4xx/libstm32f4xx.a(stm32f4xx_dac.o)
 .debug_abbrev  0x0000000000002ae5      0x1df /home/marvin/u23/U23-Library/libs/libstm32f4xx/libstm32f4xx.a(stm32f4xx_exti.o)
 .debug_abbrev  0x0000000000002cc4      0x235 /home/marvin/u23/U23-Library/libs/libstm32f4xx/libstm32f4xx.a(stm32f4xx_hash.o)
 .debug_abbrev  0x0000000000002ef9      0x112 /home/marvin/u23/U23-Library/libs/libstm32f4xx/libstm32f4xx.a(stm32f4xx_iwdg.o)
 .debug_abbrev  0x000000000000300b      0x299 /home/marvin/u23/U23-Library/libs/libstm32f4xx/libstm32f4xx.a(stm32f4xx_rtc.o)
 .debug_abbrev  0x00000000000032a4      0x2b6 /home/marvin/u23/U23-Library/libs/libstm32f4xx/libstm32f4xx.a(stm32f4xx_tim.o)
 .debug_abbrev  0x000000000000355a      0x204 /home/marvin/u23/U23-Library/libs/libstm32f4xx/libstm32f4xx.a(stm32f4xx_adc.o)
 .debug_abbrev  0x000000000000375e      0x1e4 /home/marvin/u23/U23-Library/libs/libstm32f4xx/libstm32f4xx.a(stm32f4xx_cryp.o)
 .debug_abbrev  0x0000000000003942       0xef /home/marvin/u23/U23-Library/libs/libstm32f4xx/libstm32f4xx.a(stm32f4xx_dbgmcu.o)
 .debug_abbrev  0x0000000000003a31      0x252 /home/marvin/u23/U23-Library/libs/libstm32f4xx/libstm32f4xx.a(stm32f4xx_flash.o)
 .debug_abbrev  0x0000000000003c83      0x213 /home/marvin/u23/U23-Library/libs/libstm32f4xx/libstm32f4xx.a(stm32f4xx_hash_md5.o)
 .debug_abbrev  0x0000000000003e96      0x1fa /home/marvin/u23/U23-Library/libs/libstm32f4xx/libstm32f4xx.a(stm32f4xx_pwr.o)
 .debug_abbrev  0x0000000000004090      0x1e5 /home/marvin/u23/U23-Library/libs/libstm32f4xx/libstm32f4xx.a(stm32f4xx_sdio.o)
 .debug_abbrev  0x0000000000004275      0x223 /home/marvin/u23/U23-Library/libs/libstm32f4xx/libstm32f4xx.a(stm32f4xx_usart.o)
 .debug_abbrev  0x0000000000004498      0x28c /home/marvin/u23/U23-Library/libs/libstm32f4xx/libstm32f4xx.a(stm32f4xx_can.o)
 .debug_abbrev  0x0000000000004724      0x1f5 /home/marvin/u23/U23-Library/libs/libstm32f4xx/libstm32f4xx.a(stm32f4xx_cryp_des.o)
 .debug_abbrev  0x0000000000004919      0x1c1 /home/marvin/u23/U23-Library/libs/libstm32f4xx/libstm32f4xx.a(stm32f4xx_dcmi.o)
 .debug_abbrev  0x0000000000004ada      0x1aa /home/marvin/u23/U23-Library/libs/libstm32f4xx/libstm32f4xx.a(stm32f4xx_fsmc.o)
 .debug_abbrev  0x0000000000004c84      0x213 /home/marvin/u23/U23-Library/libs/libstm32f4xx/libstm32f4xx.a(stm32f4xx_hash_sha1.o)
 .debug_abbrev  0x0000000000004e97      0x2b6 /home/marvin/u23/U23-Library/libs/libstm32f4xx/libstm32f4xx.a(stm32f4xx_rcc.o)
 .debug_abbrev  0x000000000000514d      0x21d /home/marvin/u23/U23-Library/libs/libstm32f4xx/libstm32f4xx.a(stm32f4xx_spi.o)
 .debug_abbrev  0x000000000000536a      0x183 /home/marvin/u23/U23-Library/libs/libstm32f4xx/libstm32f4xx.a(stm32f4xx_wwdg.o)
 .debug_abbrev  0x00000000000054ed      0x125 /home/marvin/u23/U23-Library/libs/libstm32f4xx/libstm32f4xx.a(stm32f4xx_crc.o)
 .debug_abbrev  0x0000000000005612      0x1f5 /home/marvin/u23/U23-Library/libs/libstm32f4xx/libstm32f4xx.a(stm32f4xx_cryp_tdes.o)
 .debug_abbrev  0x0000000000005807      0x1ab /home/marvin/u23/U23-Library/libs/libstm32f4xx/libstm32f4xx.a(stm32f4xx_dma.o)
 .debug_abbrev  0x00000000000059b2      0x22c /home/marvin/u23/U23-Library/libs/libstm32f4xx/libstm32f4xx.a(stm32f4xx_gpio.o)
 .debug_abbrev  0x0000000000005bde      0x1fc /home/marvin/u23/U23-Library/libs/libstm32f4xx/libstm32f4xx.a(stm32f4xx_i2c.o)
 .debug_abbrev  0x0000000000005dda      0x196 /home/marvin/u23/U23-Library/libs/libstm32f4xx/libstm32f4xx.a(stm32f4xx_rng.o)
 .debug_abbrev  0x0000000000005f70      0x183 /home/marvin/u23/U23-Library/libs/libstm32f4xx/libstm32f4xx.a(stm32f4xx_syscfg.o)
 .debug_abbrev  0x00000000000060f3      0x33a /home/marvin/u23/U23-Library/libs/libfatfs/libfatfs.a(ff.o)
 .debug_abbrev  0x000000000000642d      0x392 /home/marvin/u23/U23-Library/libs/libsdcard/libsdcard.a(sdcard.o)
 .debug_abbrev  0x00000000000067bf      0x184 /home/marvin/u23/U23-Library/libs/libsdcard/libsdcard.a(sdcard_lowlevel.o)
 .debug_abbrev  0x0000000000006943      0x1fa /home/marvin/u23/U23-Library/libs/libgraphics/libgraphics.a(Bitmap.o)
 .debug_abbrev  0x0000000000006b3d      0x245 /home/marvin/u23/U23-Library/libs/libgraphics/libgraphics.a(DrawingBitmaps.o)
 .debug_abbrev  0x0000000000006d82      0x205 /home/marvin/u23/U23-Library/libs/libgraphics/libgraphics.a(DrawingCircles.o)
 .debug_abbrev  0x0000000000006f87      0x21a /home/marvin/u23/U23-Library/libs/libgraphics/libgraphics.a(DrawingLines.o)
 .debug_abbrev  0x00000000000071a1      0x1e9 /home/marvin/u23/U23-Library/libs/libgraphics/libgraphics.a(DrawingPixels.o)
 .debug_abbrev  0x000000000000738a      0x268 /home/marvin/u23/U23-Library/libs/libgraphics/libgraphics.a(DrawingRLEBitmaps.o)
 .debug_abbrev  0x00000000000075f2      0x1e0 /home/marvin/u23/U23-Library/libs/libgraphics/libgraphics.a(DrawingRectangles.o)
 .debug_abbrev  0x00000000000077d2      0x1d1 /home/marvin/u23/U23-Library/libs/libgraphics/libgraphics.a(DrawingStraightLines.o)
 .debug_abbrev  0x00000000000079a3      0x14f /home/marvin/u23/U23-Library/libs/libgraphics/libgraphics.a(RLEBitmap.o)
 .debug_abbrev  0x0000000000007af2      0x171 /opt/STM32/lib/gcc/arm-none-eabi/4.7.1/../../../../arm-none-eabi/lib/thumb/cortex-m4/float-abi-hard/fpuv4-sp-d16/libc.a(lib_a-errno.o)
 .debug_abbrev  0x0000000000007c63      0x1f8 /opt/STM32/lib/gcc/arm-none-eabi/4.7.1/../../../../arm-none-eabi/lib/thumb/cortex-m4/float-abi-hard/fpuv4-sp-d16/libc.a(lib_a-fprintf.o)
 .debug_abbrev  0x0000000000007e5b      0x225 /opt/STM32/lib/gcc/arm-none-eabi/4.7.1/../../../../arm-none-eabi/lib/thumb/cortex-m4/float-abi-hard/fpuv4-sp-d16/libc.a(lib_a-fwrite.o)
 .debug_abbrev  0x0000000000008080      0x162 /opt/STM32/lib/gcc/arm-none-eabi/4.7.1/../../../../arm-none-eabi/lib/thumb/cortex-m4/float-abi-hard/fpuv4-sp-d16/libc.a(lib_a-impure.o)
 .debug_abbrev  0x00000000000081e2       0xab /opt/STM32/lib/gcc/arm-none-eabi/4.7.1/../../../../arm-none-eabi/lib/thumb/cortex-m4/float-abi-hard/fpuv4-sp-d16/libc.a(lib_a-memcpy-stub.o)
 .debug_abbrev  0x000000000000828d       0xab /opt/STM32/lib/gcc/arm-none-eabi/4.7.1/../../../../arm-none-eabi/lib/thumb/cortex-m4/float-abi-hard/fpuv4-sp-d16/libc.a(lib_a-memmove.o)
 .debug_abbrev  0x0000000000008338       0x9f /opt/STM32/lib/gcc/arm-none-eabi/4.7.1/../../../../arm-none-eabi/lib/thumb/cortex-m4/float-abi-hard/fpuv4-sp-d16/libc.a(lib_a-memset.o)
 .debug_abbrev  0x00000000000083d7      0x217 /opt/STM32/lib/gcc/arm-none-eabi/4.7.1/../../../../arm-none-eabi/lib/thumb/cortex-m4/float-abi-hard/fpuv4-sp-d16/libc.a(lib_a-setvbuf.o)
 .debug_abbrev  0x00000000000085ee       0x70 /opt/STM32/lib/gcc/arm-none-eabi/4.7.1/../../../../arm-none-eabi/lib/thumb/cortex-m4/float-abi-hard/fpuv4-sp-d16/libc.a(lib_a-strlen.o)
 .debug_abbrev  0x000000000000865e      0x3b9 /opt/STM32/lib/gcc/arm-none-eabi/4.7.1/../../../../arm-none-eabi/lib/thumb/cortex-m4/float-abi-hard/fpuv4-sp-d16/libc.a(lib_a-vfprintf.o)
 .debug_abbrev  0x0000000000008a17      0x1d5 /opt/STM32/lib/gcc/arm-none-eabi/4.7.1/../../../../arm-none-eabi/lib/thumb/cortex-m4/float-abi-hard/fpuv4-sp-d16/libc.a(lib_a-wsetup.o)
 .debug_abbrev  0x0000000000008bec      0x2af /opt/STM32/lib/gcc/arm-none-eabi/4.7.1/../../../../arm-none-eabi/lib/thumb/cortex-m4/float-abi-hard/fpuv4-sp-d16/libc.a(lib_a-dtoa.o)
 .debug_abbrev  0x0000000000008e9b      0x28c /opt/STM32/lib/gcc/arm-none-eabi/4.7.1/../../../../arm-none-eabi/lib/thumb/cortex-m4/float-abi-hard/fpuv4-sp-d16/libc.a(lib_a-fflush.o)
 .debug_abbrev  0x0000000000009127      0x308 /opt/STM32/lib/gcc/arm-none-eabi/4.7.1/../../../../arm-none-eabi/lib/thumb/cortex-m4/float-abi-hard/fpuv4-sp-d16/libc.a(lib_a-findfp.o)
 .debug_abbrev  0x000000000000942f      0x25d /opt/STM32/lib/gcc/arm-none-eabi/4.7.1/../../../../arm-none-eabi/lib/thumb/cortex-m4/float-abi-hard/fpuv4-sp-d16/libc.a(lib_a-freer.o)
 .debug_abbrev  0x000000000000968c      0x237 /opt/STM32/lib/gcc/arm-none-eabi/4.7.1/../../../../arm-none-eabi/lib/thumb/cortex-m4/float-abi-hard/fpuv4-sp-d16/libc.a(lib_a-fvwrite.o)
 .debug_abbrev  0x00000000000098c3      0x1b3 /opt/STM32/lib/gcc/arm-none-eabi/4.7.1/../../../../arm-none-eabi/lib/thumb/cortex-m4/float-abi-hard/fpuv4-sp-d16/libc.a(lib_a-fwalk.o)
 .debug_abbrev  0x0000000000009a76      0x285 /opt/STM32/lib/gcc/arm-none-eabi/4.7.1/../../../../arm-none-eabi/lib/thumb/cortex-m4/float-abi-hard/fpuv4-sp-d16/libc.a(lib_a-locale.o)